time=2026-09-08T11:07:20.404-07:00 level=INFO msg="SLO read from the characterization rather than retyped" record=slo/characterization.json slo="TTFT < 990ms, inter-token p50 < 24ms (3x the measured floor of 329ms and 7.8ms)" measured_at=2026-09-07T07:50:38.074Z
time=2026-09-08T11:07:20.404-07:00 level=WARN msg="the characterization does not find the replicas interchangeable, so a policy difference in this sweep could be host asymmetry rather than the policy" record=slo/characterization.json
time=2026-09-08T11:07:20.404-07:00 level=WARN msg="the characterization this SLO came from is flagged" reason="replica symmetry is unresolved at one or more levels: at concurrency 32, TTFT p50 spread 22.1% over the 8.0% tolerance: replica-5 at 1.292s against replica-4 at 1.058s; at concurrency 32 that spread is not resolvable: one replica varies 36.3% against itself between repetitions, wider than the 8.0% tolerance, so the difference between replicas is inside the measurement's own noise. Lengthen the probe or add repetitions rather than acting on it"
time=2026-09-08T11:07:20.404-07:00 level=WARN msg="the characterization this SLO came from is flagged" reason="4 of 36 probes flagged: still warming up: the first half of the measured window was 26% slower than the second by TTFT p50, over a 25% threshold. Lengthen the warm-up and re-run (replica-1-c32-r1, replica-3-c32-r1, replica-5-c32-r1 and 1 more)"
time=2026-09-08T11:07:20.405-07:00 level=INFO msg="sampling GPUs for contamination" gpus=0,1,2,4,5 replica_pids="[446810 448234 449536 450735 451942]" interval=5s
time=2026-09-08T11:07:20.405-07:00 level=INFO msg=offering workload="multiturn(sessions=307,skew=0,turns=4,prompt=448t,output=64t,system=0.3x128t,branch=0.3x8fam1t,bpt=4,seed=1)"
time=2026-09-08T11:07:20.407-07:00 level=INFO msg="router is up and running the policy these cells will name" router=http://127.0.0.1:8080 policy=least_outstanding replicas=5
time=2026-09-08T11:07:20.415-07:00 level=INFO msg="fleet is up" replicas=5
time=2026-09-08T11:07:23.042-07:00 level=INFO msg="fleet warmed" replicas=5 requests_each=3
time=2026-09-08T11:07:23.043-07:00 level=INFO msg="running cell" cell=least_outstanding-a2-r1 driver=open_loop load="2 req/s" duration=1m30s
time=2026-09-08T11:08:53.792-07:00 level=INFO msg="cell complete" cell=least_outstanding-a2-r1 driver=open_loop requests=130 successes=130 dropped=0 failed=0 slo_violations=16 goodput_rps=1.7538461538461538 clean=true flagged=true
time=2026-09-08T11:09:03.797-07:00 level=INFO msg="running cell" cell=least_outstanding-a2-r2 driver=open_loop load="2 req/s" duration=1m30s
time=2026-09-08T11:10:34.285-07:00 level=INFO msg="cell complete" cell=least_outstanding-a2-r2 driver=open_loop requests=130 successes=130 dropped=0 failed=0 slo_violations=17 goodput_rps=1.7384615384615385 clean=true flagged=false
time=2026-09-08T11:10:44.291-07:00 level=INFO msg="running cell" cell=least_outstanding-a2-r3 driver=open_loop load="2 req/s" duration=1m30s
time=2026-09-08T11:12:15.084-07:00 level=INFO msg="cell complete" cell=least_outstanding-a2-r3 driver=open_loop requests=130 successes=130 dropped=0 failed=0 slo_violations=21 goodput_rps=1.676923076923077 clean=true flagged=true
time=2026-09-08T11:12:25.090-07:00 level=INFO msg="running cell" cell=least_outstanding-a4-r1 driver=open_loop load="4 req/s" duration=1m30s
time=2026-09-08T11:13:55.879-07:00 level=INFO msg="cell complete" cell=least_outstanding-a4-r1 driver=open_loop requests=260 successes=260 dropped=0 failed=0 slo_violations=33 goodput_rps=3.4923076923076923 clean=true flagged=true
time=2026-09-08T11:14:05.885-07:00 level=INFO msg="running cell" cell=least_outstanding-a4-r2 driver=open_loop load="4 req/s" duration=1m30s
time=2026-09-08T11:15:36.934-07:00 level=INFO msg="cell complete" cell=least_outstanding-a4-r2 driver=open_loop requests=260 successes=260 dropped=0 failed=0 slo_violations=41 goodput_rps=3.3692307692307693 clean=true flagged=true
time=2026-09-08T11:15:46.936-07:00 level=INFO msg="running cell" cell=least_outstanding-a4-r3 driver=open_loop load="4 req/s" duration=1m30s
time=2026-09-08T11:17:18.014-07:00 level=INFO msg="cell complete" cell=least_outstanding-a4-r3 driver=open_loop requests=260 successes=260 dropped=0 failed=0 slo_violations=45 goodput_rps=3.3076923076923075 clean=true flagged=false
time=2026-09-08T11:17:28.019-07:00 level=INFO msg="running cell" cell=least_outstanding-a6-r1 driver=open_loop load="6 req/s" duration=1m30s
time=2026-09-08T11:18:59.653-07:00 level=INFO msg="cell complete" cell=least_outstanding-a6-r1 driver=open_loop requests=391 successes=391 dropped=0 failed=0 slo_violations=164 goodput_rps=3.4833759730127873 clean=true flagged=false
time=2026-09-08T11:19:09.659-07:00 level=INFO msg="running cell" cell=least_outstanding-a6-r2 driver=open_loop load="6 req/s" duration=1m30s
time=2026-09-08T11:20:41.026-07:00 level=INFO msg="cell complete" cell=least_outstanding-a6-r2 driver=open_loop requests=391 successes=391 dropped=0 failed=0 slo_violations=151 goodput_rps=3.682864464859335 clean=true flagged=true
time=2026-09-08T11:20:51.029-07:00 level=INFO msg="running cell" cell=least_outstanding-a6-r3 driver=open_loop load="6 req/s" duration=1m30s
time=2026-09-08T11:22:22.467-07:00 level=INFO msg="cell complete" cell=least_outstanding-a6-r3 driver=open_loop requests=391 successes=391 dropped=0 failed=0 slo_violations=142 goodput_rps=3.82097188229156 clean=true flagged=false
time=2026-09-08T11:22:32.472-07:00 level=INFO msg="running cell" cell=least_outstanding-a8-r1 driver=open_loop load="8 req/s" duration=1m30s
time=2026-09-08T11:24:17.647-07:00 level=INFO msg="cell complete" cell=least_outstanding-a8-r1 driver=open_loop requests=520 successes=520 dropped=0 failed=0 slo_violations=520 goodput_rps=0 clean=true flagged=false
time=2026-09-08T11:24:27.653-07:00 level=INFO msg="running cell" cell=least_outstanding-a8-r2 driver=open_loop load="8 req/s" duration=1m30s
time=2026-09-08T11:26:10.767-07:00 level=INFO msg="cell complete" cell=least_outstanding-a8-r2 driver=open_loop requests=520 successes=520 dropped=0 failed=0 slo_violations=520 goodput_rps=0 clean=true flagged=false
time=2026-09-08T11:26:20.771-07:00 level=INFO msg="running cell" cell=least_outstanding-a8-r3 driver=open_loop load="8 req/s" duration=1m30s
time=2026-09-08T11:28:06.277-07:00 level=INFO msg="cell complete" cell=least_outstanding-a8-r3 driver=open_loop requests=520 successes=520 dropped=0 failed=0 slo_violations=520 goodput_rps=0 clean=true flagged=false
time=2026-09-08T11:28:16.282-07:00 level=INFO msg="running cell" cell=least_outstanding-a10-r1 driver=open_loop load="10 req/s" duration=1m30s
time=2026-09-08T11:30:33.371-07:00 level=INFO msg="cell complete" cell=least_outstanding-a10-r1 driver=open_loop requests=650 successes=650 dropped=0 failed=0 slo_violations=650 goodput_rps=0 clean=true flagged=false
time=2026-09-08T11:30:43.376-07:00 level=INFO msg="running cell" cell=least_outstanding-a10-r2 driver=open_loop load="10 req/s" duration=1m30s
time=2026-09-08T11:32:47.468-07:00 level=INFO msg="cell complete" cell=least_outstanding-a10-r2 driver=open_loop requests=650 successes=650 dropped=0 failed=0 slo_violations=650 goodput_rps=0 clean=true flagged=false
time=2026-09-08T11:32:57.472-07:00 level=INFO msg="running cell" cell=least_outstanding-a10-r3 driver=open_loop load="10 req/s" duration=1m30s
time=2026-09-08T11:35:10.498-07:00 level=INFO msg="cell complete" cell=least_outstanding-a10-r3 driver=open_loop requests=650 successes=650 dropped=0 failed=0 slo_violations=650 goodput_rps=0 clean=true flagged=false
time=2026-09-08T11:35:20.503-07:00 level=INFO msg="running cell" cell=least_outstanding-a12-r1 driver=open_loop load="12 req/s" duration=1m30s
time=2026-09-08T11:37:50.045-07:00 level=INFO msg="cell complete" cell=least_outstanding-a12-r1 driver=open_loop requests=781 successes=781 dropped=0 failed=0 slo_violations=781 goodput_rps=0 clean=true flagged=false
time=2026-09-08T11:38:00.047-07:00 level=INFO msg="running cell" cell=least_outstanding-a12-r2 driver=open_loop load="12 req/s" duration=1m30s
time=2026-09-08T11:40:34.302-07:00 level=INFO msg="cell complete" cell=least_outstanding-a12-r2 driver=open_loop requests=781 successes=781 dropped=0 failed=0 slo_violations=781 goodput_rps=0 clean=true flagged=false
time=2026-09-08T11:40:44.302-07:00 level=INFO msg="running cell" cell=least_outstanding-a12-r3 driver=open_loop load="12 req/s" duration=1m30s
time=2026-09-08T11:43:16.661-07:00 level=INFO msg="cell complete" cell=least_outstanding-a12-r3 driver=open_loop requests=781 successes=781 dropped=0 failed=0 slo_violations=781 goodput_rps=0 clean=true flagged=false
time=2026-09-08T11:43:26.663-07:00 level=INFO msg="running cell" cell=least_outstanding-a14-r1 driver=open_loop load="14 req/s" duration=1m30s
time=2026-09-08T11:46:21.147-07:00 level=INFO msg="cell complete" cell=least_outstanding-a14-r1 driver=open_loop requests=911 successes=911 dropped=0 failed=0 slo_violations=911 goodput_rps=0 clean=true flagged=false
time=2026-09-08T11:46:31.148-07:00 level=INFO msg="running cell" cell=least_outstanding-a14-r2 driver=open_loop load="14 req/s" duration=1m30s
time=2026-09-08T11:49:23.276-07:00 level=INFO msg="cell complete" cell=least_outstanding-a14-r2 driver=open_loop requests=911 successes=911 dropped=0 failed=0 slo_violations=911 goodput_rps=0 clean=true flagged=false
time=2026-09-08T11:49:33.277-07:00 level=INFO msg="running cell" cell=least_outstanding-a14-r3 driver=open_loop load="14 req/s" duration=1m30s
time=2026-09-08T11:52:26.204-07:00 level=INFO msg="cell complete" cell=least_outstanding-a14-r3 driver=open_loop requests=911 successes=911 dropped=0 failed=0 slo_violations=911 goodput_rps=0 clean=true flagged=false
time=2026-09-08T11:52:36.205-07:00 level=INFO msg="running cell" cell=least_outstanding-a16-r1 driver=open_loop load="16 req/s" duration=1m30s
time=2026-09-08T11:56:03.841-07:00 level=INFO msg="cell complete" cell=least_outstanding-a16-r1 driver=open_loop requests=1040 successes=1040 dropped=0 failed=0 slo_violations=1040 goodput_rps=0 clean=true flagged=false
time=2026-09-08T11:56:13.841-07:00 level=INFO msg="running cell" cell=least_outstanding-a16-r2 driver=open_loop load="16 req/s" duration=1m30s
time=2026-09-08T11:59:31.645-07:00 level=INFO msg="cell complete" cell=least_outstanding-a16-r2 driver=open_loop requests=1040 successes=1040 dropped=0 failed=0 slo_violations=1040 goodput_rps=0 clean=true flagged=false
time=2026-09-08T11:59:41.645-07:00 level=INFO msg="running cell" cell=least_outstanding-a16-r3 driver=open_loop load="16 req/s" duration=1m30s
time=2026-09-08T12:03:11.246-07:00 level=INFO msg="cell complete" cell=least_outstanding-a16-r3 driver=open_loop requests=1040 successes=1040 dropped=0 failed=0 slo_violations=1040 goodput_rps=0 clean=true flagged=false
time=2026-09-08T12:03:21.247-07:00 level=INFO msg="running cell" cell=least_outstanding-a20-r1 driver=open_loop load="20 req/s" duration=1m30s
time=2026-09-08T12:07:38.588-07:00 level=INFO msg="cell complete" cell=least_outstanding-a20-r1 driver=open_loop requests=1300 successes=1300 dropped=0 failed=0 slo_violations=1300 goodput_rps=0 clean=true flagged=false
time=2026-09-08T12:07:48.589-07:00 level=INFO msg="running cell" cell=least_outstanding-a20-r2 driver=open_loop load="20 req/s" duration=1m30s
time=2026-09-08T12:12:02.550-07:00 level=INFO msg="cell complete" cell=least_outstanding-a20-r2 driver=open_loop requests=1300 successes=1300 dropped=0 failed=0 slo_violations=1300 goodput_rps=0 clean=true flagged=false
time=2026-09-08T12:12:12.552-07:00 level=INFO msg="running cell" cell=least_outstanding-a20-r3 driver=open_loop load="20 req/s" duration=1m30s
time=2026-09-08T12:16:29.613-07:00 level=INFO msg="cell complete" cell=least_outstanding-a20-r3 driver=open_loop requests=1300 successes=1300 dropped=0 failed=0 slo_violations=1300 goodput_rps=0 clean=true flagged=false

| driver | load | rep | goodput/s | tput/s | TTFT p50 | TTFT p99 | ITL p50 | reqs | ok | dropped | failed | SLO viol | clean | flagged |
|---|---:|---:|---:|---:|---:|---:|---:|---:|---:|---:|---:|---:|:--:|:--|
| open-loop | 2 req/s | 1 | 1.75 | 2.00 | 596ms | 1286ms | 8ms | 130 | 130 | 0 | 0 | 16 | yes | **1** |
| open-loop | 2 req/s | 2 | 1.74 | 2.00 | 604ms | 1308ms | 8ms | 130 | 130 | 0 | 0 | 17 | yes |  |
| open-loop | 2 req/s | 3 | 1.68 | 2.00 | 601ms | 1299ms | 8ms | 130 | 130 | 0 | 0 | 21 | yes | **1** |
| open-loop | 4 req/s | 1 | 3.49 | 4.00 | 598ms | 1815ms | 8ms | 260 | 260 | 0 | 0 | 33 | yes | **1** |
| open-loop | 4 req/s | 2 | 3.37 | 4.00 | 617ms | 1705ms | 8ms | 260 | 260 | 0 | 0 | 41 | yes | **1** |
| open-loop | 4 req/s | 3 | 3.31 | 4.00 | 616ms | 2101ms | 8ms | 260 | 260 | 0 | 0 | 45 | yes |  |
| open-loop | 6 req/s | 1 | 3.48 | 6.00 | 751ms | 3716ms | 10ms | 391 | 391 | 0 | 0 | 164 | yes |  |
| open-loop | 6 req/s | 2 | 3.68 | 6.00 | 707ms | 4327ms | 10ms | 391 | 391 | 0 | 0 | 151 | yes | **1** |
| open-loop | 6 req/s | 3 | 3.82 | 6.00 | 665ms | 3124ms | 10ms | 391 | 391 | 0 | 0 | 142 | yes |  |
| open-loop | 8 req/s | 1 | 0.00 | 8.00 | 6843ms | 15321ms | 619ms | 520 | 520 | 0 | 0 | 520 | yes |  |
| open-loop | 8 req/s | 2 | 0.00 | 8.00 | 5304ms | 15803ms | 624ms | 520 | 520 | 0 | 0 | 520 | yes |  |
| open-loop | 8 req/s | 3 | 0.00 | 8.00 | 6830ms | 19085ms | 627ms | 520 | 520 | 0 | 0 | 520 | yes |  |
| open-loop | 10 req/s | 1 | 0.00 | 10.00 | 21487ms | 48439ms | 635ms | 650 | 650 | 0 | 0 | 650 | yes |  |
| open-loop | 10 req/s | 2 | 0.00 | 10.00 | 18961ms | 32981ms | 632ms | 650 | 650 | 0 | 0 | 650 | yes |  |
| open-loop | 10 req/s | 3 | 0.00 | 10.00 | 21310ms | 42693ms | 636ms | 650 | 650 | 0 | 0 | 650 | yes |  |
| open-loop | 12 req/s | 1 | 0.00 | 12.00 | 32874ms | 56875ms | 630ms | 781 | 781 | 0 | 0 | 781 | yes |  |
| open-loop | 12 req/s | 2 | 0.00 | 12.00 | 33962ms | 62057ms | 633ms | 781 | 781 | 0 | 0 | 781 | yes |  |
| open-loop | 12 req/s | 3 | 0.00 | 12.00 | 35222ms | 61362ms | 631ms | 781 | 781 | 0 | 0 | 781 | yes |  |
| open-loop | 14 req/s | 1 | 0.00 | 14.00 | 47929ms | 80135ms | 635ms | 911 | 911 | 0 | 0 | 911 | yes |  |
| open-loop | 14 req/s | 2 | 0.00 | 14.00 | 45077ms | 78598ms | 635ms | 911 | 911 | 0 | 0 | 911 | yes |  |
| open-loop | 14 req/s | 3 | 0.00 | 14.00 | 51490ms | 79508ms | 632ms | 911 | 911 | 0 | 0 | 911 | yes |  |
| open-loop | 16 req/s | 1 | 0.00 | 16.00 | 66905ms | 113659ms | 635ms | 1040 | 1040 | 0 | 0 | 1040 | yes |  |
| open-loop | 16 req/s | 2 | 0.00 | 16.00 | 64403ms | 105979ms | 638ms | 1040 | 1040 | 0 | 0 | 1040 | yes |  |
| open-loop | 16 req/s | 3 | 0.00 | 16.00 | 63056ms | 114455ms | 632ms | 1040 | 1040 | 0 | 0 | 1040 | yes |  |
| open-loop | 20 req/s | 1 | 0.00 | 20.00 | 101799ms | 161645ms | 636ms | 1300 | 1300 | 0 | 0 | 1300 | yes |  |
| open-loop | 20 req/s | 2 | 0.00 | 20.00 | 101395ms | 159882ms | 631ms | 1300 | 1300 | 0 | 0 | 1300 | yes |  |
| open-loop | 20 req/s | 3 | 0.00 | 20.00 | 99760ms | 162049ms | 635ms | 1300 | 1300 | 0 | 0 | 1300 | yes |  |

Flagged cells — these are not averaged in without being read first:

- `least_outstanding-a2-r1`: still warming up: the first half of the measured window was 54% slower than the second by TTFT p50, over a 25% threshold. Lengthen the warm-up and re-run
- `least_outstanding-a2-r3`: still warming up: the first half of the measured window was 48% slower than the second by TTFT p50, over a 25% threshold. Lengthen the warm-up and re-run
- `least_outstanding-a4-r1`: still warming up: the first half of the measured window was 49% slower than the second by TTFT p50, over a 25% threshold. Lengthen the warm-up and re-run
- `least_outstanding-a4-r2`: still warming up: the first half of the measured window was 43% slower than the second by TTFT p50, over a 25% threshold. Lengthen the warm-up and re-run
- `least_outstanding-a6-r2`: still warming up: the first half of the measured window was 41% slower than the second by TTFT p50, over a 25% threshold. Lengthen the warm-up and re-run
time=2026-09-08T12:16:30.754-07:00 level=INFO msg="compacted the run" requests=49698 cells=54 requests_parquet=runs/mt-openloop-v2/goodput/requests.parquet cells_parquet=runs/mt-openloop-v2/goodput/cells.parquet results=runs/mt-openloop-v2/goodput/results.md
