time=2026-09-08T09:52:24.767-07:00 level=INFO msg="SLO read from the characterization rather than retyped" record=slo/characterization.json slo="TTFT < 990ms, inter-token p50 < 24ms (3x the measured floor of 329ms and 7.8ms)" measured_at=2026-09-07T07:50:38.074Z
time=2026-09-08T09:52:24.767-07:00 level=WARN msg="the characterization does not find the replicas interchangeable, so a policy difference in this sweep could be host asymmetry rather than the policy" record=slo/characterization.json
time=2026-09-08T09:52:24.767-07:00 level=WARN msg="the characterization this SLO came from is flagged" reason="replica symmetry is unresolved at one or more levels: at concurrency 32, TTFT p50 spread 22.1% over the 8.0% tolerance: replica-5 at 1.292s against replica-4 at 1.058s; at concurrency 32 that spread is not resolvable: one replica varies 36.3% against itself between repetitions, wider than the 8.0% tolerance, so the difference between replicas is inside the measurement's own noise. Lengthen the probe or add repetitions rather than acting on it"
time=2026-09-08T09:52:24.767-07:00 level=WARN msg="the characterization this SLO came from is flagged" reason="4 of 36 probes flagged: still warming up: the first half of the measured window was 26% slower than the second by TTFT p50, over a 25% threshold. Lengthen the warm-up and re-run (replica-1-c32-r1, replica-3-c32-r1, replica-5-c32-r1 and 1 more)"
time=2026-09-08T09:52:24.767-07:00 level=INFO msg="sampling GPUs for contamination" gpus=0,1,2,4,5 replica_pids="[418252 419771 421082 422385 423734]" interval=5s
time=2026-09-08T09:52:24.768-07:00 level=INFO msg=offering workload="multiturn(sessions=307,skew=0,turns=4,prompt=448t,output=64t,system=0.3x128t,branch=0.3x8fam1t,bpt=4,seed=1)"
time=2026-09-08T09:52:24.769-07:00 level=INFO msg="router is up and running the policy these cells will name" router=http://127.0.0.1:8080 policy=round_robin replicas=5
time=2026-09-08T09:52:24.778-07:00 level=INFO msg="fleet is up" replicas=5
time=2026-09-08T09:52:27.400-07:00 level=INFO msg="fleet warmed" replicas=5 requests_each=3
time=2026-09-08T09:52:27.400-07:00 level=INFO msg="running cell" cell=round_robin-a2-r1 driver=open_loop load="2 req/s" duration=1m30s
time=2026-09-08T09:53:58.177-07:00 level=INFO msg="cell complete" cell=round_robin-a2-r1 driver=open_loop requests=130 successes=130 dropped=0 failed=0 slo_violations=17 goodput_rps=1.7384615384615385 clean=true flagged=true
time=2026-09-08T09:54:08.181-07:00 level=INFO msg="running cell" cell=round_robin-a2-r2 driver=open_loop load="2 req/s" duration=1m30s
time=2026-09-08T09:55:38.416-07:00 level=INFO msg="cell complete" cell=round_robin-a2-r2 driver=open_loop requests=130 successes=130 dropped=0 failed=0 slo_violations=17 goodput_rps=1.7384615384615385 clean=true flagged=true
time=2026-09-08T09:55:48.420-07:00 level=INFO msg="running cell" cell=round_robin-a2-r3 driver=open_loop load="2 req/s" duration=1m30s
time=2026-09-08T09:57:19.196-07:00 level=INFO msg="cell complete" cell=round_robin-a2-r3 driver=open_loop requests=130 successes=130 dropped=0 failed=0 slo_violations=21 goodput_rps=1.676923076923077 clean=true flagged=true
time=2026-09-08T09:57:29.201-07:00 level=INFO msg="running cell" cell=round_robin-a4-r1 driver=open_loop load="4 req/s" duration=1m30s
time=2026-09-08T09:59:00.022-07:00 level=INFO msg="cell complete" cell=round_robin-a4-r1 driver=open_loop requests=260 successes=260 dropped=0 failed=0 slo_violations=38 goodput_rps=3.4153846153846152 clean=true flagged=true
time=2026-09-08T09:59:10.026-07:00 level=INFO msg="running cell" cell=round_robin-a4-r2 driver=open_loop load="4 req/s" duration=1m30s
time=2026-09-08T10:00:41.004-07:00 level=INFO msg="cell complete" cell=round_robin-a4-r2 driver=open_loop requests=260 successes=260 dropped=0 failed=0 slo_violations=29 goodput_rps=3.5538461538461537 clean=true flagged=true
time=2026-09-08T10:00:51.009-07:00 level=INFO msg="running cell" cell=round_robin-a4-r3 driver=open_loop load="4 req/s" duration=1m30s
time=2026-09-08T10:02:21.816-07:00 level=INFO msg="cell complete" cell=round_robin-a4-r3 driver=open_loop requests=260 successes=260 dropped=0 failed=0 slo_violations=36 goodput_rps=3.4461538461538463 clean=true flagged=true
time=2026-09-08T10:02:31.822-07:00 level=INFO msg="running cell" cell=round_robin-a6-r1 driver=open_loop load="6 req/s" duration=1m30s
time=2026-09-08T10:04:03.247-07:00 level=INFO msg="cell complete" cell=round_robin-a6-r1 driver=open_loop requests=391 successes=391 dropped=0 failed=0 slo_violations=141 goodput_rps=3.8363171508951406 clean=true flagged=false
time=2026-09-08T10:04:13.252-07:00 level=INFO msg="running cell" cell=round_robin-a6-r2 driver=open_loop load="6 req/s" duration=1m30s
time=2026-09-08T10:05:44.976-07:00 level=INFO msg="cell complete" cell=round_robin-a6-r2 driver=open_loop requests=391 successes=391 dropped=0 failed=0 slo_violations=131 goodput_rps=3.9897698369309462 clean=true flagged=false
time=2026-09-08T10:05:54.981-07:00 level=INFO msg="running cell" cell=round_robin-a6-r3 driver=open_loop load="6 req/s" duration=1m30s
time=2026-09-08T10:07:26.461-07:00 level=INFO msg="cell complete" cell=round_robin-a6-r3 driver=open_loop requests=391 successes=391 dropped=0 failed=0 slo_violations=137 goodput_rps=3.8976982253094627 clean=true flagged=false
time=2026-09-08T10:07:36.466-07:00 level=INFO msg="running cell" cell=round_robin-a8-r1 driver=open_loop load="8 req/s" duration=1m30s
time=2026-09-08T10:09:20.186-07:00 level=INFO msg="cell complete" cell=round_robin-a8-r1 driver=open_loop requests=520 successes=520 dropped=0 failed=0 slo_violations=520 goodput_rps=0 clean=true flagged=false
time=2026-09-08T10:09:30.191-07:00 level=INFO msg="running cell" cell=round_robin-a8-r2 driver=open_loop load="8 req/s" duration=1m30s
time=2026-09-08T10:11:19.782-07:00 level=INFO msg="cell complete" cell=round_robin-a8-r2 driver=open_loop requests=520 successes=520 dropped=0 failed=0 slo_violations=516 goodput_rps=0.06153846153846154 clean=true flagged=false
time=2026-09-08T10:11:29.784-07:00 level=INFO msg="running cell" cell=round_robin-a8-r3 driver=open_loop load="8 req/s" duration=1m30s
time=2026-09-08T10:13:15.403-07:00 level=INFO msg="cell complete" cell=round_robin-a8-r3 driver=open_loop requests=520 successes=520 dropped=0 failed=0 slo_violations=513 goodput_rps=0.1076923076923077 clean=true flagged=false
time=2026-09-08T10:13:25.409-07:00 level=INFO msg="running cell" cell=round_robin-a10-r1 driver=open_loop load="10 req/s" duration=1m30s
time=2026-09-08T10:15:31.545-07:00 level=INFO msg="cell complete" cell=round_robin-a10-r1 driver=open_loop requests=650 successes=650 dropped=0 failed=0 slo_violations=650 goodput_rps=0 clean=true flagged=false
time=2026-09-08T10:15:41.550-07:00 level=INFO msg="running cell" cell=round_robin-a10-r2 driver=open_loop load="10 req/s" duration=1m30s
time=2026-09-08T10:17:52.751-07:00 level=INFO msg="cell complete" cell=round_robin-a10-r2 driver=open_loop requests=650 successes=650 dropped=0 failed=0 slo_violations=650 goodput_rps=0 clean=true flagged=false
time=2026-09-08T10:18:02.757-07:00 level=INFO msg="running cell" cell=round_robin-a10-r3 driver=open_loop load="10 req/s" duration=1m30s
time=2026-09-08T10:20:08.893-07:00 level=INFO msg="cell complete" cell=round_robin-a10-r3 driver=open_loop requests=650 successes=650 dropped=0 failed=0 slo_violations=650 goodput_rps=0 clean=true flagged=false
time=2026-09-08T10:20:18.899-07:00 level=INFO msg="running cell" cell=round_robin-a12-r1 driver=open_loop load="12 req/s" duration=1m30s
time=2026-09-08T10:22:56.486-07:00 level=INFO msg="cell complete" cell=round_robin-a12-r1 driver=open_loop requests=781 successes=781 dropped=0 failed=0 slo_violations=781 goodput_rps=0 clean=true flagged=false
time=2026-09-08T10:23:06.489-07:00 level=INFO msg="running cell" cell=round_robin-a12-r2 driver=open_loop load="12 req/s" duration=1m30s
time=2026-09-08T10:25:41.526-07:00 level=INFO msg="cell complete" cell=round_robin-a12-r2 driver=open_loop requests=781 successes=781 dropped=0 failed=0 slo_violations=781 goodput_rps=0 clean=true flagged=false
time=2026-09-08T10:25:51.531-07:00 level=INFO msg="running cell" cell=round_robin-a12-r3 driver=open_loop load="12 req/s" duration=1m30s
time=2026-09-08T10:28:18.708-07:00 level=INFO msg="cell complete" cell=round_robin-a12-r3 driver=open_loop requests=781 successes=781 dropped=0 failed=0 slo_violations=781 goodput_rps=0 clean=true flagged=false
time=2026-09-08T10:28:28.712-07:00 level=INFO msg="running cell" cell=round_robin-a14-r1 driver=open_loop load="14 req/s" duration=1m30s
time=2026-09-08T10:31:26.057-07:00 level=INFO msg="cell complete" cell=round_robin-a14-r1 driver=open_loop requests=911 successes=911 dropped=0 failed=0 slo_violations=911 goodput_rps=0 clean=true flagged=false
time=2026-09-08T10:31:36.058-07:00 level=INFO msg="running cell" cell=round_robin-a14-r2 driver=open_loop load="14 req/s" duration=1m30s
time=2026-09-08T10:34:32.777-07:00 level=INFO msg="cell complete" cell=round_robin-a14-r2 driver=open_loop requests=911 successes=911 dropped=0 failed=0 slo_violations=911 goodput_rps=0 clean=true flagged=false
time=2026-09-08T10:34:42.780-07:00 level=INFO msg="running cell" cell=round_robin-a14-r3 driver=open_loop load="14 req/s" duration=1m30s
time=2026-09-08T10:37:49.513-07:00 level=INFO msg="cell complete" cell=round_robin-a14-r3 driver=open_loop requests=911 successes=911 dropped=0 failed=0 slo_violations=911 goodput_rps=0 clean=true flagged=false
time=2026-09-08T10:37:59.513-07:00 level=INFO msg="running cell" cell=round_robin-a16-r1 driver=open_loop load="16 req/s" duration=1m30s
time=2026-09-08T10:41:19.141-07:00 level=INFO msg="cell complete" cell=round_robin-a16-r1 driver=open_loop requests=1040 successes=1040 dropped=0 failed=0 slo_violations=1040 goodput_rps=0 clean=true flagged=false
time=2026-09-08T10:41:29.143-07:00 level=INFO msg="running cell" cell=round_robin-a16-r2 driver=open_loop load="16 req/s" duration=1m30s
time=2026-09-08T10:44:45.227-07:00 level=INFO msg="cell complete" cell=round_robin-a16-r2 driver=open_loop requests=1040 successes=1040 dropped=0 failed=0 slo_violations=1040 goodput_rps=0 clean=true flagged=false
time=2026-09-08T10:44:55.228-07:00 level=INFO msg="running cell" cell=round_robin-a16-r3 driver=open_loop load="16 req/s" duration=1m30s
time=2026-09-08T10:48:22.207-07:00 level=INFO msg="cell complete" cell=round_robin-a16-r3 driver=open_loop requests=1040 successes=1040 dropped=0 failed=0 slo_violations=1040 goodput_rps=0 clean=true flagged=false
time=2026-09-08T10:48:32.209-07:00 level=INFO msg="running cell" cell=round_robin-a20-r1 driver=open_loop load="20 req/s" duration=1m30s
time=2026-09-08T10:52:49.824-07:00 level=INFO msg="cell complete" cell=round_robin-a20-r1 driver=open_loop requests=1300 successes=1300 dropped=0 failed=0 slo_violations=1300 goodput_rps=0 clean=true flagged=false
time=2026-09-08T10:52:59.824-07:00 level=INFO msg="running cell" cell=round_robin-a20-r2 driver=open_loop load="20 req/s" duration=1m30s
time=2026-09-08T10:57:21.893-07:00 level=INFO msg="cell complete" cell=round_robin-a20-r2 driver=open_loop requests=1300 successes=1300 dropped=0 failed=0 slo_violations=1300 goodput_rps=0 clean=true flagged=false
time=2026-09-08T10:57:31.895-07:00 level=INFO msg="running cell" cell=round_robin-a20-r3 driver=open_loop load="20 req/s" duration=1m30s
time=2026-09-08T11:01:47.685-07:00 level=INFO msg="cell complete" cell=round_robin-a20-r3 driver=open_loop requests=1300 successes=1300 dropped=0 failed=0 slo_violations=1300 goodput_rps=0 clean=true flagged=false

| driver | load | rep | goodput/s | tput/s | TTFT p50 | TTFT p99 | ITL p50 | reqs | ok | dropped | failed | SLO viol | clean | flagged |
|---|---:|---:|---:|---:|---:|---:|---:|---:|---:|---:|---:|---:|:--:|:--|
| open-loop | 2 req/s | 1 | 1.74 | 2.00 | 589ms | 1294ms | 8ms | 130 | 130 | 0 | 0 | 17 | yes | **1** |
| open-loop | 2 req/s | 2 | 1.74 | 2.00 | 596ms | 1298ms | 8ms | 130 | 130 | 0 | 0 | 17 | yes | **1** |
| open-loop | 2 req/s | 3 | 1.68 | 2.00 | 602ms | 1302ms | 8ms | 130 | 130 | 0 | 0 | 21 | yes | **1** |
| open-loop | 4 req/s | 1 | 3.42 | 4.00 | 610ms | 1409ms | 8ms | 260 | 260 | 0 | 0 | 38 | yes | **1** |
| open-loop | 4 req/s | 2 | 3.55 | 4.00 | 608ms | 1343ms | 8ms | 260 | 260 | 0 | 0 | 29 | yes | **1** |
| open-loop | 4 req/s | 3 | 3.45 | 4.00 | 604ms | 1423ms | 8ms | 260 | 260 | 0 | 0 | 36 | yes | **1** |
| open-loop | 6 req/s | 1 | 3.84 | 6.00 | 669ms | 3118ms | 11ms | 391 | 391 | 0 | 0 | 141 | yes |  |
| open-loop | 6 req/s | 2 | 3.99 | 6.00 | 659ms | 3020ms | 11ms | 391 | 391 | 0 | 0 | 131 | yes |  |
| open-loop | 6 req/s | 3 | 3.90 | 6.00 | 666ms | 3054ms | 11ms | 391 | 391 | 0 | 0 | 137 | yes |  |
| open-loop | 8 req/s | 1 | 0.00 | 8.00 | 6838ms | 14560ms | 628ms | 520 | 520 | 0 | 0 | 520 | yes |  |
| open-loop | 8 req/s | 2 | 0.06 | 8.00 | 6173ms | 18573ms | 627ms | 520 | 520 | 0 | 0 | 516 | yes |  |
| open-loop | 8 req/s | 3 | 0.11 | 8.00 | 6545ms | 16322ms | 622ms | 520 | 520 | 0 | 0 | 513 | yes |  |
| open-loop | 10 req/s | 1 | 0.00 | 10.00 | 20456ms | 34890ms | 629ms | 650 | 650 | 0 | 0 | 650 | yes |  |
| open-loop | 10 req/s | 2 | 0.00 | 10.00 | 21242ms | 40375ms | 634ms | 650 | 650 | 0 | 0 | 650 | yes |  |
| open-loop | 10 req/s | 3 | 0.00 | 10.00 | 19367ms | 35057ms | 634ms | 650 | 650 | 0 | 0 | 650 | yes |  |
| open-loop | 12 req/s | 1 | 0.00 | 12.00 | 34499ms | 64986ms | 636ms | 781 | 781 | 0 | 0 | 781 | yes |  |
| open-loop | 12 req/s | 2 | 0.00 | 12.00 | 33261ms | 62256ms | 632ms | 781 | 781 | 0 | 0 | 781 | yes |  |
| open-loop | 12 req/s | 3 | 0.00 | 12.00 | 33440ms | 55134ms | 629ms | 781 | 781 | 0 | 0 | 781 | yes |  |
| open-loop | 14 req/s | 1 | 0.00 | 14.00 | 46478ms | 83018ms | 635ms | 911 | 911 | 0 | 0 | 911 | yes |  |
| open-loop | 14 req/s | 2 | 0.00 | 14.00 | 48134ms | 81731ms | 630ms | 911 | 911 | 0 | 0 | 911 | yes |  |
| open-loop | 14 req/s | 3 | 0.00 | 14.00 | 48268ms | 92678ms | 632ms | 911 | 911 | 0 | 0 | 911 | yes |  |
| open-loop | 16 req/s | 1 | 0.00 | 16.00 | 63853ms | 105838ms | 636ms | 1040 | 1040 | 0 | 0 | 1040 | yes |  |
| open-loop | 16 req/s | 2 | 0.00 | 16.00 | 61274ms | 101997ms | 633ms | 1040 | 1040 | 0 | 0 | 1040 | yes |  |
| open-loop | 16 req/s | 3 | 0.00 | 16.00 | 63946ms | 112260ms | 632ms | 1040 | 1040 | 0 | 0 | 1040 | yes |  |
| open-loop | 20 req/s | 1 | 0.00 | 20.00 | 100020ms | 162347ms | 635ms | 1300 | 1300 | 0 | 0 | 1300 | yes |  |
| open-loop | 20 req/s | 2 | 0.00 | 20.00 | 99959ms | 166996ms | 636ms | 1300 | 1300 | 0 | 0 | 1300 | yes |  |
| open-loop | 20 req/s | 3 | 0.00 | 20.00 | 101240ms | 161385ms | 633ms | 1300 | 1300 | 0 | 0 | 1300 | yes |  |

Flagged cells — these are not averaged in without being read first:

- `round_robin-a2-r1`: still warming up: the first half of the measured window was 68% slower than the second by TTFT p50, over a 25% threshold. Lengthen the warm-up and re-run
- `round_robin-a2-r2`: still warming up: the first half of the measured window was 64% slower than the second by TTFT p50, over a 25% threshold. Lengthen the warm-up and re-run
- `round_robin-a2-r3`: still warming up: the first half of the measured window was 54% slower than the second by TTFT p50, over a 25% threshold. Lengthen the warm-up and re-run
- `round_robin-a4-r1`: still warming up: the first half of the measured window was 60% slower than the second by TTFT p50, over a 25% threshold. Lengthen the warm-up and re-run
- `round_robin-a4-r2`: still warming up: the first half of the measured window was 46% slower than the second by TTFT p50, over a 25% threshold. Lengthen the warm-up and re-run
- `round_robin-a4-r3`: still warming up: the first half of the measured window was 54% slower than the second by TTFT p50, over a 25% threshold. Lengthen the warm-up and re-run
time=2026-09-08T11:01:48.298-07:00 level=INFO msg="compacted the run" requests=24849 cells=27 requests_parquet=runs/mt-openloop-v2/goodput/requests.parquet cells_parquet=runs/mt-openloop-v2/goodput/cells.parquet results=runs/mt-openloop-v2/goodput/results.md
