time=2026-09-08T05:33:44.720-07:00 level=INFO msg="SLO read from the characterization rather than retyped" record=slo/characterization.json slo="TTFT < 990ms, inter-token p50 < 24ms (3x the measured floor of 329ms and 7.8ms)" measured_at=2026-09-07T07:50:38.074Z
time=2026-09-08T05:33:44.720-07:00 level=WARN msg="the characterization does not find the replicas interchangeable, so a policy difference in this sweep could be host asymmetry rather than the policy" record=slo/characterization.json
time=2026-09-08T05:33:44.720-07:00 level=WARN msg="the characterization this SLO came from is flagged" reason="replica symmetry is unresolved at one or more levels: at concurrency 32, TTFT p50 spread 22.1% over the 8.0% tolerance: replica-5 at 1.292s against replica-4 at 1.058s; at concurrency 32 that spread is not resolvable: one replica varies 36.3% against itself between repetitions, wider than the 8.0% tolerance, so the difference between replicas is inside the measurement's own noise. Lengthen the probe or add repetitions rather than acting on it"
time=2026-09-08T05:33:44.720-07:00 level=WARN msg="the characterization this SLO came from is flagged" reason="4 of 36 probes flagged: still warming up: the first half of the measured window was 26% slower than the second by TTFT p50, over a 25% threshold. Lengthen the warm-up and re-run (replica-1-c32-r1, replica-3-c32-r1, replica-5-c32-r1 and 1 more)"
time=2026-09-08T05:33:44.721-07:00 level=INFO msg="sampling GPUs for contamination" gpus=0,1,2,4,5 replica_pids="[344583 345828 347014 348206 349416]" interval=5s
time=2026-09-08T05:33:44.721-07:00 level=INFO msg=offering workload="multiturn(sessions=307,skew=0,turns=4,prompt=448t,output=64t,system=0.3x128t,branch=0.3x8fam1t,bpt=4,seed=1)"
time=2026-09-08T05:33:44.722-07:00 level=INFO msg="router is up and running the policy these cells will name" router=http://127.0.0.1:8080 policy=session_affinity replicas=5
time=2026-09-08T05:33:44.731-07:00 level=INFO msg="fleet is up" replicas=5
time=2026-09-08T05:33:47.371-07:00 level=INFO msg="fleet warmed" replicas=5 requests_each=3
time=2026-09-08T05:33:47.371-07:00 level=INFO msg="running cell" cell=session_affinity-c1-r1 driver=closed_loop load="1 users" duration=1m30s
time=2026-09-08T05:35:18.078-07:00 level=INFO msg="cell complete" cell=session_affinity-c1-r1 driver=closed_loop requests=80 successes=80 dropped=0 failed=0 slo_violations=0 goodput_rps=1.2241629953325381 clean=true flagged=false
time=2026-09-08T05:35:28.081-07:00 level=INFO msg="running cell" cell=session_affinity-c1-r2 driver=closed_loop load="1 users" duration=1m30s
time=2026-09-08T05:36:58.338-07:00 level=INFO msg="cell complete" cell=session_affinity-c1-r2 driver=closed_loop requests=81 successes=81 dropped=0 failed=0 slo_violations=0 goodput_rps=1.2606912753568962 clean=true flagged=false
time=2026-09-08T05:37:08.343-07:00 level=INFO msg="running cell" cell=session_affinity-c1-r3 driver=closed_loop load="1 users" duration=1m30s
time=2026-09-08T05:38:39.224-07:00 level=INFO msg="cell complete" cell=session_affinity-c1-r3 driver=closed_loop requests=80 successes=80 dropped=0 failed=0 slo_violations=0 goodput_rps=1.2190868267747774 clean=true flagged=false
time=2026-09-08T05:38:49.229-07:00 level=INFO msg="running cell" cell=session_affinity-c4-r1 driver=closed_loop load="4 users" duration=1m30s
time=2026-09-08T05:40:20.116-07:00 level=INFO msg="cell complete" cell=session_affinity-c4-r1 driver=closed_loop requests=272 successes=272 dropped=0 failed=0 slo_violations=0 goodput_rps=4.149107263882613 clean=true flagged=false
time=2026-09-08T05:40:30.121-07:00 level=INFO msg="running cell" cell=session_affinity-c4-r2 driver=closed_loop load="4 users" duration=1m30s
time=2026-09-08T05:42:00.670-07:00 level=INFO msg="cell complete" cell=session_affinity-c4-r2 driver=closed_loop requests=273 successes=273 dropped=0 failed=0 slo_violations=4 goodput_rps=4.141123429475424 clean=true flagged=false
time=2026-09-08T05:42:10.675-07:00 level=INFO msg="running cell" cell=session_affinity-c4-r3 driver=closed_loop load="4 users" duration=1m30s
time=2026-09-08T05:43:41.390-07:00 level=INFO msg="cell complete" cell=session_affinity-c4-r3 driver=closed_loop requests=287 successes=287 dropped=0 failed=0 slo_violations=1 goodput_rps=4.376103712676642 clean=true flagged=false
time=2026-09-08T05:43:51.395-07:00 level=INFO msg="running cell" cell=session_affinity-c8-r1 driver=closed_loop load="8 users" duration=1m30s
time=2026-09-08T05:45:22.405-07:00 level=INFO msg="cell complete" cell=session_affinity-c8-r1 driver=closed_loop requests=465 successes=465 dropped=0 failed=0 slo_violations=0 goodput_rps=7.085680899605471 clean=true flagged=false
time=2026-09-08T05:45:32.411-07:00 level=INFO msg="running cell" cell=session_affinity-c8-r2 driver=closed_loop load="8 users" duration=1m30s
time=2026-09-08T05:47:03.102-07:00 level=INFO msg="cell complete" cell=session_affinity-c8-r2 driver=closed_loop requests=445 successes=445 dropped=0 failed=0 slo_violations=5 goodput_rps=6.718459198696364 clean=true flagged=false
time=2026-09-08T05:47:13.108-07:00 level=INFO msg="running cell" cell=session_affinity-c8-r3 driver=closed_loop load="8 users" duration=1m30s
time=2026-09-08T05:48:44.053-07:00 level=INFO msg="cell complete" cell=session_affinity-c8-r3 driver=closed_loop requests=452 successes=452 dropped=0 failed=0 slo_violations=4 goodput_rps=6.812895464100699 clean=true flagged=false
time=2026-09-08T05:48:54.058-07:00 level=INFO msg="running cell" cell=session_affinity-c16-r1 driver=closed_loop load="16 users" duration=1m30s
time=2026-09-08T05:50:25.772-07:00 level=INFO msg="cell complete" cell=session_affinity-c16-r1 driver=closed_loop requests=559 successes=559 dropped=0 failed=0 slo_violations=33 goodput_rps=7.913482021893211 clean=true flagged=false
time=2026-09-08T05:50:35.777-07:00 level=INFO msg="running cell" cell=session_affinity-c16-r2 driver=closed_loop load="16 users" duration=1m30s
time=2026-09-08T05:52:06.820-07:00 level=INFO msg="cell complete" cell=session_affinity-c16-r2 driver=closed_loop requests=671 successes=671 dropped=0 failed=0 slo_violations=12 goodput_rps=10.010339778997812 clean=true flagged=false
time=2026-09-08T05:52:16.825-07:00 level=INFO msg="running cell" cell=session_affinity-c16-r3 driver=closed_loop load="16 users" duration=1m30s
time=2026-09-08T05:53:47.621-07:00 level=INFO msg="cell complete" cell=session_affinity-c16-r3 driver=closed_loop requests=650 successes=650 dropped=0 failed=0 slo_violations=21 goodput_rps=9.594343208581893 clean=true flagged=false
time=2026-09-08T05:53:57.626-07:00 level=INFO msg="running cell" cell=session_affinity-c32-r1 driver=closed_loop load="32 users" duration=1m30s
time=2026-09-08T05:55:30.345-07:00 level=INFO msg="cell complete" cell=session_affinity-c32-r1 driver=closed_loop requests=756 successes=756 dropped=0 failed=0 slo_violations=88 goodput_rps=9.904715240126544 clean=true flagged=false
time=2026-09-08T05:55:40.351-07:00 level=INFO msg="running cell" cell=session_affinity-c32-r2 driver=closed_loop load="32 users" duration=1m30s
time=2026-09-08T05:57:12.516-07:00 level=INFO msg="cell complete" cell=session_affinity-c32-r2 driver=closed_loop requests=662 successes=662 dropped=0 failed=0 slo_violations=197 goodput_rps=6.946023724286207 clean=true flagged=false
time=2026-09-08T05:57:22.521-07:00 level=INFO msg="running cell" cell=session_affinity-c32-r3 driver=closed_loop load="32 users" duration=1m30s
time=2026-09-08T05:58:54.785-07:00 level=INFO msg="cell complete" cell=session_affinity-c32-r3 driver=closed_loop requests=850 successes=850 dropped=0 failed=0 slo_violations=89 goodput_rps=11.355540687559277 clean=true flagged=false
time=2026-09-08T05:59:04.789-07:00 level=INFO msg="running cell" cell=session_affinity-c64-r1 driver=closed_loop load="64 users" duration=1m30s
time=2026-09-08T06:00:38.173-07:00 level=INFO msg="cell complete" cell=session_affinity-c64-r1 driver=closed_loop requests=923 successes=923 dropped=0 failed=0 slo_violations=441 goodput_rps=7.080252063460851 clean=true flagged=false
time=2026-09-08T06:00:48.178-07:00 level=INFO msg="running cell" cell=session_affinity-c64-r2 driver=closed_loop load="64 users" duration=1m30s
time=2026-09-08T06:02:24.441-07:00 level=INFO msg="cell complete" cell=session_affinity-c64-r2 driver=closed_loop requests=738 successes=738 dropped=0 failed=0 slo_violations=208 goodput_rps=7.477048690745522 clean=true flagged=false
time=2026-09-08T06:02:34.445-07:00 level=INFO msg="running cell" cell=session_affinity-c64-r3 driver=closed_loop load="64 users" duration=1m30s
time=2026-09-08T06:04:07.224-07:00 level=INFO msg="cell complete" cell=session_affinity-c64-r3 driver=closed_loop requests=796 successes=796 dropped=0 failed=0 slo_violations=398 goodput_rps=5.907897671012921 clean=true flagged=false
time=2026-09-08T06:04:17.230-07:00 level=INFO msg="running cell" cell=session_affinity-c128-r1 driver=closed_loop load="128 users" duration=1m30s
time=2026-09-08T06:05:50.522-07:00 level=INFO msg="cell complete" cell=session_affinity-c128-r1 driver=closed_loop requests=1103 successes=1103 dropped=0 failed=0 slo_violations=820 goodput_rps=4.165214423263419 clean=true flagged=false
time=2026-09-08T06:06:00.524-07:00 level=INFO msg="running cell" cell=session_affinity-c128-r2 driver=closed_loop load="128 users" duration=1m30s
time=2026-09-08T06:07:33.919-07:00 level=INFO msg="cell complete" cell=session_affinity-c128-r2 driver=closed_loop requests=1076 successes=1076 dropped=0 failed=0 slo_violations=662 goodput_rps=6.086871079328735 clean=true flagged=false
time=2026-09-08T06:07:43.924-07:00 level=INFO msg="running cell" cell=session_affinity-c128-r3 driver=closed_loop load="128 users" duration=1m30s
time=2026-09-08T06:09:18.003-07:00 level=INFO msg="cell complete" cell=session_affinity-c128-r3 driver=closed_loop requests=1103 successes=1103 dropped=0 failed=0 slo_violations=872 goodput_rps=3.3653845548822185 clean=true flagged=false
time=2026-09-08T06:09:28.008-07:00 level=INFO msg="running cell" cell=session_affinity-c256-r1 driver=closed_loop load="256 users" duration=1m30s
time=2026-09-08T06:11:32.489-07:00 level=INFO msg="cell complete" cell=session_affinity-c256-r1 driver=closed_loop requests=686 successes=686 dropped=0 failed=0 slo_violations=609 goodput_rps=0.7787272642385296 clean=true flagged=true
time=2026-09-08T06:11:42.494-07:00 level=INFO msg="running cell" cell=session_affinity-c256-r2 driver=closed_loop load="256 users" duration=1m30s
time=2026-09-08T06:13:51.722-07:00 level=INFO msg="cell complete" cell=session_affinity-c256-r2 driver=closed_loop requests=735 successes=735 dropped=0 failed=0 slo_violations=662 goodput_rps=0.7019931461192093 clean=true flagged=true
time=2026-09-08T06:14:01.726-07:00 level=INFO msg="running cell" cell=session_affinity-c256-r3 driver=closed_loop load="256 users" duration=1m30s
time=2026-09-08T06:16:03.083-07:00 level=INFO msg="cell complete" cell=session_affinity-c256-r3 driver=closed_loop requests=720 successes=720 dropped=0 failed=0 slo_violations=667 goodput_rps=0.5524225838565574 clean=true flagged=true

| driver | load | rep | goodput/s | tput/s | TTFT p50 | TTFT p99 | ITL p50 | reqs | ok | dropped | failed | SLO viol | clean | flagged |
|---|---:|---:|---:|---:|---:|---:|---:|---:|---:|---:|---:|---:|:--:|:--|
| closed-loop | 1 users | 1 | 1.22 | 1.22 | 353ms | 402ms | 8ms | 80 | 80 | 0 | 0 | 0 | yes |  |
| closed-loop | 1 users | 2 | 1.26 | 1.26 | 353ms | 401ms | 8ms | 81 | 81 | 0 | 0 | 0 | yes |  |
| closed-loop | 1 users | 3 | 1.22 | 1.22 | 355ms | 402ms | 8ms | 80 | 80 | 0 | 0 | 0 | yes |  |
| closed-loop | 4 users | 1 | 4.15 | 4.15 | 357ms | 684ms | 9ms | 272 | 272 | 0 | 0 | 0 | yes |  |
| closed-loop | 4 users | 2 | 4.14 | 4.20 | 355ms | 1078ms | 9ms | 273 | 273 | 0 | 0 | 4 | yes |  |
| closed-loop | 4 users | 3 | 4.38 | 4.39 | 355ms | 746ms | 9ms | 287 | 287 | 0 | 0 | 1 | yes |  |
| closed-loop | 8 users | 1 | 7.09 | 7.09 | 365ms | 741ms | 9ms | 465 | 465 | 0 | 0 | 0 | yes |  |
| closed-loop | 8 users | 2 | 6.72 | 6.79 | 361ms | 1017ms | 9ms | 445 | 445 | 0 | 0 | 5 | yes |  |
| closed-loop | 8 users | 3 | 6.81 | 6.87 | 365ms | 872ms | 9ms | 452 | 452 | 0 | 0 | 4 | yes |  |
| closed-loop | 16 users | 1 | 7.91 | 8.41 | 385ms | 1382ms | 11ms | 559 | 559 | 0 | 0 | 33 | yes |  |
| closed-loop | 16 users | 2 | 10.01 | 10.19 | 375ms | 1038ms | 11ms | 671 | 671 | 0 | 0 | 12 | yes |  |
| closed-loop | 16 users | 3 | 9.59 | 9.91 | 376ms | 1239ms | 10ms | 650 | 650 | 0 | 0 | 21 | yes |  |
| closed-loop | 32 users | 1 | 9.90 | 11.21 | 424ms | 1562ms | 14ms | 756 | 756 | 0 | 0 | 88 | yes |  |
| closed-loop | 32 users | 2 | 6.95 | 9.89 | 409ms | 1713ms | 11ms | 662 | 662 | 0 | 0 | 197 | yes |  |
| closed-loop | 32 users | 3 | 11.36 | 12.68 | 419ms | 1573ms | 13ms | 850 | 850 | 0 | 0 | 89 | yes |  |
| closed-loop | 64 users | 1 | 7.08 | 13.56 | 441ms | 1957ms | 17ms | 923 | 923 | 0 | 0 | 441 | yes |  |
| closed-loop | 64 users | 2 | 7.48 | 10.41 | 407ms | 6072ms | 11ms | 738 | 738 | 0 | 0 | 208 | yes |  |
| closed-loop | 64 users | 3 | 5.91 | 11.82 | 473ms | 2369ms | 18ms | 796 | 796 | 0 | 0 | 398 | yes |  |
| closed-loop | 128 users | 1 | 4.17 | 16.23 | 669ms | 2646ms | 34ms | 1103 | 1103 | 0 | 0 | 820 | yes |  |
| closed-loop | 128 users | 2 | 6.09 | 15.82 | 516ms | 7911ms | 28ms | 1076 | 1076 | 0 | 0 | 662 | yes |  |
| closed-loop | 128 users | 3 | 3.37 | 16.07 | 633ms | 2539ms | 34ms | 1103 | 1103 | 0 | 0 | 872 | yes |  |
| closed-loop | 256 users | 1 | 0.78 | 6.94 | 4063ms | 33553ms | 278ms | 686 | 686 | 0 | 0 | 609 | yes | **1** |
| closed-loop | 256 users | 2 | 0.70 | 7.07 | 3687ms | 38091ms | 137ms | 735 | 735 | 0 | 0 | 662 | yes | **1** |
| closed-loop | 256 users | 3 | 0.55 | 7.50 | 3566ms | 31934ms | 73ms | 720 | 720 | 0 | 0 | 667 | yes | **1** |

Flagged cells — these are not averaged in without being read first:

- `session_affinity-c256-r1`: still warming up: the first half of the measured window was 359% slower than the second by TTFT p50, over a 25% threshold. Lengthen the warm-up and re-run
- `session_affinity-c256-r2`: still warming up: the first half of the measured window was 252% slower than the second by TTFT p50, over a 25% threshold. Lengthen the warm-up and re-run
- `session_affinity-c256-r3`: still warming up: the first half of the measured window was 78% slower than the second by TTFT p50, over a 25% threshold. Lengthen the warm-up and re-run
time=2026-09-08T06:16:04.243-07:00 level=INFO msg="compacted the run" requests=49711 cells=72 requests_parquet=runs/mt-comparison/concurrency/requests.parquet cells_parquet=runs/mt-comparison/concurrency/cells.parquet results=runs/mt-comparison/concurrency/results.md
