time=2026-09-08T02:41:05.290-07:00 level=INFO msg="SLO read from the characterization rather than retyped" record=slo/characterization.json slo="TTFT < 990ms, inter-token p50 < 24ms (3x the measured floor of 329ms and 7.8ms)" measured_at=2026-09-07T07:50:38.074Z
time=2026-09-08T02:41:05.290-07:00 level=WARN msg="the characterization does not find the replicas interchangeable, so a policy difference in this sweep could be host asymmetry rather than the policy" record=slo/characterization.json
time=2026-09-08T02:41:05.290-07:00 level=WARN msg="the characterization this SLO came from is flagged" reason="replica symmetry is unresolved at one or more levels: at concurrency 32, TTFT p50 spread 22.1% over the 8.0% tolerance: replica-5 at 1.292s against replica-4 at 1.058s; at concurrency 32 that spread is not resolvable: one replica varies 36.3% against itself between repetitions, wider than the 8.0% tolerance, so the difference between replicas is inside the measurement's own noise. Lengthen the probe or add repetitions rather than acting on it"
time=2026-09-08T02:41:05.290-07:00 level=WARN msg="the characterization this SLO came from is flagged" reason="4 of 36 probes flagged: still warming up: the first half of the measured window was 26% slower than the second by TTFT p50, over a 25% threshold. Lengthen the warm-up and re-run (replica-1-c32-r1, replica-3-c32-r1, replica-5-c32-r1 and 1 more)"
time=2026-09-08T02:41:05.290-07:00 level=INFO msg="sampling GPUs for contamination" gpus=0,1,2,4,5 replica_pids="[264518 265724 266997 268397 269860]" interval=5s
time=2026-09-08T02:41:05.291-07:00 level=INFO msg=offering workload="multiturn(sessions=307,skew=0,turns=4,prompt=448t,output=64t,system=0.3x128t,branch=0.3x8fam1t,bpt=4,seed=1)"
time=2026-09-08T02:41:05.295-07:00 level=INFO msg="router is up and running the policy these cells will name" router=http://127.0.0.1:8080 policy=round_robin replicas=5
time=2026-09-08T02:41:05.303-07:00 level=INFO msg="fleet is up" replicas=5
time=2026-09-08T02:41:07.947-07:00 level=INFO msg="fleet warmed" replicas=5 requests_each=3
time=2026-09-08T02:41:07.947-07:00 level=INFO msg="running cell" cell=round_robin-a2-r1 driver=open_loop load="2 req/s" duration=1m30s
time=2026-09-08T02:42:38.067-07:00 level=INFO msg="cell complete" cell=round_robin-a2-r1 driver=open_loop requests=130 successes=130 dropped=0 failed=0 slo_violations=0 goodput_rps=2 clean=true flagged=false
time=2026-09-08T02:42:48.072-07:00 level=INFO msg="running cell" cell=round_robin-a2-r2 driver=open_loop load="2 req/s" duration=1m30s
time=2026-09-08T02:44:18.176-07:00 level=INFO msg="cell complete" cell=round_robin-a2-r2 driver=open_loop requests=130 successes=130 dropped=0 failed=0 slo_violations=0 goodput_rps=2 clean=true flagged=false
time=2026-09-08T02:44:28.182-07:00 level=INFO msg="running cell" cell=round_robin-a2-r3 driver=open_loop load="2 req/s" duration=1m30s
time=2026-09-08T02:45:58.704-07:00 level=INFO msg="cell complete" cell=round_robin-a2-r3 driver=open_loop requests=130 successes=130 dropped=0 failed=0 slo_violations=0 goodput_rps=2 clean=true flagged=false
time=2026-09-08T02:46:08.709-07:00 level=INFO msg="running cell" cell=round_robin-a4-r1 driver=open_loop load="4 req/s" duration=1m30s
time=2026-09-08T02:47:39.490-07:00 level=INFO msg="cell complete" cell=round_robin-a4-r1 driver=open_loop requests=260 successes=260 dropped=0 failed=0 slo_violations=0 goodput_rps=4 clean=true flagged=false
time=2026-09-08T02:47:49.495-07:00 level=INFO msg="running cell" cell=round_robin-a4-r2 driver=open_loop load="4 req/s" duration=1m30s
time=2026-09-08T02:49:20.274-07:00 level=INFO msg="cell complete" cell=round_robin-a4-r2 driver=open_loop requests=260 successes=260 dropped=0 failed=0 slo_violations=0 goodput_rps=4 clean=true flagged=false
time=2026-09-08T02:49:30.279-07:00 level=INFO msg="running cell" cell=round_robin-a4-r3 driver=open_loop load="4 req/s" duration=1m30s
time=2026-09-08T02:51:01.045-07:00 level=INFO msg="cell complete" cell=round_robin-a4-r3 driver=open_loop requests=260 successes=260 dropped=0 failed=0 slo_violations=0 goodput_rps=4 clean=true flagged=false
time=2026-09-08T02:51:11.049-07:00 level=INFO msg="running cell" cell=round_robin-a6-r1 driver=open_loop load="6 req/s" duration=1m30s
time=2026-09-08T02:52:42.208-07:00 level=INFO msg="cell complete" cell=round_robin-a6-r1 driver=open_loop requests=391 successes=391 dropped=0 failed=0 slo_violations=0 goodput_rps=6.000000023999999 clean=true flagged=false
time=2026-09-08T02:52:52.212-07:00 level=INFO msg="running cell" cell=round_robin-a6-r2 driver=open_loop load="6 req/s" duration=1m30s
time=2026-09-08T02:54:23.267-07:00 level=INFO msg="cell complete" cell=round_robin-a6-r2 driver=open_loop requests=391 successes=391 dropped=0 failed=0 slo_violations=0 goodput_rps=6.000000023999999 clean=true flagged=false
time=2026-09-08T02:54:33.272-07:00 level=INFO msg="running cell" cell=round_robin-a6-r3 driver=open_loop load="6 req/s" duration=1m30s
time=2026-09-08T02:56:04.441-07:00 level=INFO msg="cell complete" cell=round_robin-a6-r3 driver=open_loop requests=391 successes=391 dropped=0 failed=0 slo_violations=0 goodput_rps=6.000000023999999 clean=true flagged=false
time=2026-09-08T02:56:14.443-07:00 level=INFO msg="running cell" cell=round_robin-a8-r1 driver=open_loop load="8 req/s" duration=1m30s
time=2026-09-08T02:57:45.472-07:00 level=INFO msg="cell complete" cell=round_robin-a8-r1 driver=open_loop requests=520 successes=520 dropped=0 failed=0 slo_violations=0 goodput_rps=8 clean=true flagged=false
time=2026-09-08T02:57:55.477-07:00 level=INFO msg="running cell" cell=round_robin-a8-r2 driver=open_loop load="8 req/s" duration=1m30s
time=2026-09-08T02:59:26.554-07:00 level=INFO msg="cell complete" cell=round_robin-a8-r2 driver=open_loop requests=520 successes=520 dropped=0 failed=0 slo_violations=0 goodput_rps=8 clean=true flagged=false
time=2026-09-08T02:59:36.555-07:00 level=INFO msg="running cell" cell=round_robin-a8-r3 driver=open_loop load="8 req/s" duration=1m30s
time=2026-09-08T03:01:07.576-07:00 level=INFO msg="cell complete" cell=round_robin-a8-r3 driver=open_loop requests=520 successes=520 dropped=0 failed=0 slo_violations=0 goodput_rps=8 clean=true flagged=false
time=2026-09-08T03:01:17.581-07:00 level=INFO msg="running cell" cell=round_robin-a10-r1 driver=open_loop load="10 req/s" duration=1m30s
time=2026-09-08T03:02:48.702-07:00 level=INFO msg="cell complete" cell=round_robin-a10-r1 driver=open_loop requests=650 successes=650 dropped=0 failed=0 slo_violations=0 goodput_rps=10 clean=true flagged=false
time=2026-09-08T03:02:58.708-07:00 level=INFO msg="running cell" cell=round_robin-a10-r2 driver=open_loop load="10 req/s" duration=1m30s
time=2026-09-08T03:04:29.830-07:00 level=INFO msg="cell complete" cell=round_robin-a10-r2 driver=open_loop requests=650 successes=650 dropped=0 failed=0 slo_violations=0 goodput_rps=10 clean=true flagged=false
time=2026-09-08T03:04:39.836-07:00 level=INFO msg="running cell" cell=round_robin-a10-r3 driver=open_loop load="10 req/s" duration=1m30s
time=2026-09-08T03:06:10.951-07:00 level=INFO msg="cell complete" cell=round_robin-a10-r3 driver=open_loop requests=650 successes=650 dropped=0 failed=0 slo_violations=0 goodput_rps=10 clean=true flagged=false
time=2026-09-08T03:06:20.957-07:00 level=INFO msg="running cell" cell=round_robin-a12-r1 driver=open_loop load="12 req/s" duration=1m30s
time=2026-09-08T03:07:57.004-07:00 level=INFO msg="cell complete" cell=round_robin-a12-r1 driver=open_loop requests=781 successes=781 dropped=0 failed=0 slo_violations=440 goodput_rps=5.239436640676056 clean=true flagged=false
time=2026-09-08T03:08:07.009-07:00 level=INFO msg="running cell" cell=round_robin-a12-r2 driver=open_loop load="12 req/s" duration=1m30s
time=2026-09-08T03:09:44.442-07:00 level=INFO msg="cell complete" cell=round_robin-a12-r2 driver=open_loop requests=781 successes=781 dropped=0 failed=0 slo_violations=414 goodput_rps=5.638924478381561 clean=true flagged=false
time=2026-09-08T03:09:54.445-07:00 level=INFO msg="running cell" cell=round_robin-a12-r3 driver=open_loop load="12 req/s" duration=1m30s
time=2026-09-08T03:11:28.422-07:00 level=INFO msg="cell complete" cell=round_robin-a12-r3 driver=open_loop requests=781 successes=781 dropped=0 failed=0 slo_violations=370 goodput_rps=6.314980819113956 clean=true flagged=false
time=2026-09-08T03:11:38.427-07:00 level=INFO msg="running cell" cell=round_robin-a14-r1 driver=open_loop load="14 req/s" duration=1m30s
time=2026-09-08T03:13:28.820-07:00 level=INFO msg="cell complete" cell=round_robin-a14-r1 driver=open_loop requests=911 successes=911 dropped=0 failed=0 slo_violations=911 goodput_rps=0 clean=true flagged=false
time=2026-09-08T03:13:38.825-07:00 level=INFO msg="running cell" cell=round_robin-a14-r2 driver=open_loop load="14 req/s" duration=1m30s
time=2026-09-08T03:15:28.728-07:00 level=INFO msg="cell complete" cell=round_robin-a14-r2 driver=open_loop requests=911 successes=911 dropped=0 failed=0 slo_violations=911 goodput_rps=0 clean=true flagged=false
time=2026-09-08T03:15:38.733-07:00 level=INFO msg="running cell" cell=round_robin-a14-r3 driver=open_loop load="14 req/s" duration=1m30s
time=2026-09-08T03:17:26.884-07:00 level=INFO msg="cell complete" cell=round_robin-a14-r3 driver=open_loop requests=911 successes=911 dropped=0 failed=0 slo_violations=911 goodput_rps=0 clean=true flagged=false
time=2026-09-08T03:17:36.889-07:00 level=INFO msg="running cell" cell=round_robin-a16-r1 driver=open_loop load="16 req/s" duration=1m30s
time=2026-09-08T03:19:44.143-07:00 level=INFO msg="cell complete" cell=round_robin-a16-r1 driver=open_loop requests=1040 successes=1040 dropped=0 failed=0 slo_violations=1040 goodput_rps=0 clean=true flagged=false
time=2026-09-08T03:19:54.147-07:00 level=INFO msg="running cell" cell=round_robin-a16-r2 driver=open_loop load="16 req/s" duration=1m30s
time=2026-09-08T03:21:59.487-07:00 level=INFO msg="cell complete" cell=round_robin-a16-r2 driver=open_loop requests=1040 successes=1040 dropped=0 failed=0 slo_violations=1040 goodput_rps=0 clean=true flagged=false
time=2026-09-08T03:22:09.493-07:00 level=INFO msg="running cell" cell=round_robin-a16-r3 driver=open_loop load="16 req/s" duration=1m30s
time=2026-09-08T03:24:15.728-07:00 level=INFO msg="cell complete" cell=round_robin-a16-r3 driver=open_loop requests=1040 successes=1040 dropped=0 failed=0 slo_violations=1040 goodput_rps=0 clean=true flagged=false
time=2026-09-08T03:24:25.734-07:00 level=INFO msg="running cell" cell=round_robin-a20-r1 driver=open_loop load="20 req/s" duration=1m30s
time=2026-09-08T03:27:02.046-07:00 level=INFO msg="cell complete" cell=round_robin-a20-r1 driver=open_loop requests=1300 successes=1300 dropped=0 failed=0 slo_violations=1300 goodput_rps=0 clean=true flagged=false
time=2026-09-08T03:27:12.047-07:00 level=INFO msg="running cell" cell=round_robin-a20-r2 driver=open_loop load="20 req/s" duration=1m30s
time=2026-09-08T03:29:49.078-07:00 level=INFO msg="cell complete" cell=round_robin-a20-r2 driver=open_loop requests=1300 successes=1300 dropped=0 failed=0 slo_violations=1300 goodput_rps=0 clean=true flagged=false
time=2026-09-08T03:29:59.080-07:00 level=INFO msg="running cell" cell=round_robin-a20-r3 driver=open_loop load="20 req/s" duration=1m30s
time=2026-09-08T03:32:35.830-07:00 level=INFO msg="cell complete" cell=round_robin-a20-r3 driver=open_loop requests=1300 successes=1300 dropped=0 failed=0 slo_violations=1300 goodput_rps=0 clean=true flagged=false

| driver | load | rep | goodput/s | tput/s | TTFT p50 | TTFT p99 | ITL p50 | reqs | ok | dropped | failed | SLO viol | clean | flagged |
|---|---:|---:|---:|---:|---:|---:|---:|---:|---:|---:|---:|---:|:--:|:--|
| open-loop | 2 req/s | 1 | 2.00 | 2.00 | 355ms | 416ms | 8ms | 130 | 130 | 0 | 0 | 0 | yes |  |
| open-loop | 2 req/s | 2 | 2.00 | 2.00 | 353ms | 412ms | 8ms | 130 | 130 | 0 | 0 | 0 | yes |  |
| open-loop | 2 req/s | 3 | 2.00 | 2.00 | 351ms | 413ms | 8ms | 130 | 130 | 0 | 0 | 0 | yes |  |
| open-loop | 4 req/s | 1 | 4.00 | 4.00 | 354ms | 417ms | 8ms | 260 | 260 | 0 | 0 | 0 | yes |  |
| open-loop | 4 req/s | 2 | 4.00 | 4.00 | 353ms | 414ms | 8ms | 260 | 260 | 0 | 0 | 0 | yes |  |
| open-loop | 4 req/s | 3 | 4.00 | 4.00 | 354ms | 413ms | 8ms | 260 | 260 | 0 | 0 | 0 | yes |  |
| open-loop | 6 req/s | 1 | 6.00 | 6.00 | 373ms | 465ms | 8ms | 391 | 391 | 0 | 0 | 0 | yes |  |
| open-loop | 6 req/s | 2 | 6.00 | 6.00 | 375ms | 464ms | 8ms | 391 | 391 | 0 | 0 | 0 | yes |  |
| open-loop | 6 req/s | 3 | 6.00 | 6.00 | 377ms | 483ms | 8ms | 391 | 391 | 0 | 0 | 0 | yes |  |
| open-loop | 8 req/s | 1 | 8.00 | 8.00 | 383ms | 476ms | 9ms | 520 | 520 | 0 | 0 | 0 | yes |  |
| open-loop | 8 req/s | 2 | 8.00 | 8.00 | 384ms | 482ms | 9ms | 520 | 520 | 0 | 0 | 0 | yes |  |
| open-loop | 8 req/s | 3 | 8.00 | 8.00 | 382ms | 485ms | 9ms | 520 | 520 | 0 | 0 | 0 | yes |  |
| open-loop | 10 req/s | 1 | 10.00 | 10.00 | 390ms | 504ms | 10ms | 650 | 650 | 0 | 0 | 0 | yes |  |
| open-loop | 10 req/s | 2 | 10.00 | 10.00 | 387ms | 495ms | 10ms | 650 | 650 | 0 | 0 | 0 | yes |  |
| open-loop | 10 req/s | 3 | 10.00 | 10.00 | 390ms | 491ms | 10ms | 650 | 650 | 0 | 0 | 0 | yes |  |
| open-loop | 12 req/s | 1 | 5.24 | 12.00 | 471ms | 2798ms | 36ms | 781 | 781 | 0 | 0 | 440 | yes |  |
| open-loop | 12 req/s | 2 | 5.64 | 12.00 | 459ms | 5117ms | 28ms | 781 | 781 | 0 | 0 | 414 | yes |  |
| open-loop | 12 req/s | 3 | 6.31 | 12.00 | 437ms | 2799ms | 22ms | 781 | 781 | 0 | 0 | 370 | yes |  |
| open-loop | 14 req/s | 1 | 0.00 | 14.00 | 7348ms | 17352ms | 680ms | 911 | 911 | 0 | 0 | 911 | yes |  |
| open-loop | 14 req/s | 2 | 0.00 | 14.00 | 6160ms | 17166ms | 674ms | 911 | 911 | 0 | 0 | 911 | yes |  |
| open-loop | 14 req/s | 3 | 0.00 | 14.00 | 6960ms | 16289ms | 668ms | 911 | 911 | 0 | 0 | 911 | yes |  |
| open-loop | 16 req/s | 1 | 0.00 | 16.00 | 15133ms | 33490ms | 645ms | 1040 | 1040 | 0 | 0 | 1040 | yes |  |
| open-loop | 16 req/s | 2 | 0.00 | 16.00 | 14493ms | 31890ms | 631ms | 1040 | 1040 | 0 | 0 | 1040 | yes |  |
| open-loop | 16 req/s | 3 | 0.00 | 16.00 | 14915ms | 32713ms | 633ms | 1040 | 1040 | 0 | 0 | 1040 | yes |  |
| open-loop | 20 req/s | 1 | 0.00 | 20.00 | 34159ms | 60252ms | 79ms | 1300 | 1300 | 0 | 0 | 1300 | yes |  |
| open-loop | 20 req/s | 2 | 0.00 | 20.00 | 34759ms | 61965ms | 83ms | 1300 | 1300 | 0 | 0 | 1300 | yes |  |
| open-loop | 20 req/s | 3 | 0.00 | 20.00 | 33868ms | 60838ms | 78ms | 1300 | 1300 | 0 | 0 | 1300 | yes |  |
time=2026-09-08T03:32:36.451-07:00 level=INFO msg="compacted the run" requests=24849 cells=27 requests_parquet=runs/mt-comparison/goodput/requests.parquet cells_parquet=runs/mt-comparison/goodput/cells.parquet results=runs/mt-comparison/goodput/results.md
