time=2026-09-08T06:16:04.276-07:00 level=INFO msg="SLO read from the characterization rather than retyped" record=slo/characterization.json slo="TTFT < 990ms, inter-token p50 < 24ms (3x the measured floor of 329ms and 7.8ms)" measured_at=2026-09-07T07:50:38.074Z
time=2026-09-08T06:16:04.276-07:00 level=WARN msg="the characterization does not find the replicas interchangeable, so a policy difference in this sweep could be host asymmetry rather than the policy" record=slo/characterization.json
time=2026-09-08T06:16:04.276-07:00 level=WARN msg="the characterization this SLO came from is flagged" reason="replica symmetry is unresolved at one or more levels: at concurrency 32, TTFT p50 spread 22.1% over the 8.0% tolerance: replica-5 at 1.292s against replica-4 at 1.058s; at concurrency 32 that spread is not resolvable: one replica varies 36.3% against itself between repetitions, wider than the 8.0% tolerance, so the difference between replicas is inside the measurement's own noise. Lengthen the probe or add repetitions rather than acting on it"
time=2026-09-08T06:16:04.276-07:00 level=WARN msg="the characterization this SLO came from is flagged" reason="4 of 36 probes flagged: still warming up: the first half of the measured window was 26% slower than the second by TTFT p50, over a 25% threshold. Lengthen the warm-up and re-run (replica-1-c32-r1, replica-3-c32-r1, replica-5-c32-r1 and 1 more)"
time=2026-09-08T06:16:04.276-07:00 level=INFO msg="sampling GPUs for contamination" gpus=0,1,2,4,5 replica_pids="[344583 345828 347014 348206 349416]" interval=5s
time=2026-09-08T06:16:04.277-07:00 level=INFO msg=offering workload="multiturn(sessions=307,skew=0,turns=4,prompt=448t,output=64t,system=0.3x128t,branch=0.3x8fam1t,bpt=4,seed=1)"
time=2026-09-08T06:16:04.283-07:00 level=INFO msg="router is up and running the policy these cells will name" router=http://127.0.0.1:8080 policy=session_affinity replicas=5
time=2026-09-08T06:16:04.293-07:00 level=INFO msg="fleet is up" replicas=5
time=2026-09-08T06:16:06.947-07:00 level=INFO msg="fleet warmed" replicas=5 requests_each=3
time=2026-09-08T06:16:06.948-07:00 level=INFO msg="running cell" cell=session_affinity-a2-r1 driver=open_loop load="2 req/s" duration=1m30s
time=2026-09-08T06:17:37.481-07:00 level=INFO msg="cell complete" cell=session_affinity-a2-r1 driver=open_loop requests=130 successes=130 dropped=0 failed=0 slo_violations=0 goodput_rps=2 clean=true flagged=false
time=2026-09-08T06:17:47.486-07:00 level=INFO msg="running cell" cell=session_affinity-a2-r2 driver=open_loop load="2 req/s" duration=1m30s
time=2026-09-08T06:19:18.013-07:00 level=INFO msg="cell complete" cell=session_affinity-a2-r2 driver=open_loop requests=130 successes=130 dropped=0 failed=0 slo_violations=0 goodput_rps=2 clean=true flagged=false
time=2026-09-08T06:19:28.018-07:00 level=INFO msg="running cell" cell=session_affinity-a2-r3 driver=open_loop load="2 req/s" duration=1m30s
time=2026-09-08T06:20:58.548-07:00 level=INFO msg="cell complete" cell=session_affinity-a2-r3 driver=open_loop requests=130 successes=130 dropped=0 failed=0 slo_violations=0 goodput_rps=2 clean=true flagged=false
time=2026-09-08T06:21:08.554-07:00 level=INFO msg="running cell" cell=session_affinity-a4-r1 driver=open_loop load="4 req/s" duration=1m30s
time=2026-09-08T06:22:39.329-07:00 level=INFO msg="cell complete" cell=session_affinity-a4-r1 driver=open_loop requests=260 successes=260 dropped=0 failed=0 slo_violations=1 goodput_rps=3.9846153846153847 clean=true flagged=false
time=2026-09-08T06:22:49.334-07:00 level=INFO msg="running cell" cell=session_affinity-a4-r2 driver=open_loop load="4 req/s" duration=1m30s
time=2026-09-08T06:24:20.175-07:00 level=INFO msg="cell complete" cell=session_affinity-a4-r2 driver=open_loop requests=260 successes=260 dropped=0 failed=0 slo_violations=0 goodput_rps=4 clean=true flagged=false
time=2026-09-08T06:24:30.180-07:00 level=INFO msg="running cell" cell=session_affinity-a4-r3 driver=open_loop load="4 req/s" duration=1m30s
time=2026-09-08T06:26:01.098-07:00 level=INFO msg="cell complete" cell=session_affinity-a4-r3 driver=open_loop requests=260 successes=260 dropped=0 failed=0 slo_violations=2 goodput_rps=3.9692307692307693 clean=true flagged=false
time=2026-09-08T06:26:11.103-07:00 level=INFO msg="running cell" cell=session_affinity-a6-r1 driver=open_loop load="6 req/s" duration=1m30s
time=2026-09-08T06:27:41.970-07:00 level=INFO msg="cell complete" cell=session_affinity-a6-r1 driver=open_loop requests=391 successes=391 dropped=0 failed=0 slo_violations=2 goodput_rps=5.969309486792839 clean=true flagged=false
time=2026-09-08T06:27:51.976-07:00 level=INFO msg="running cell" cell=session_affinity-a6-r2 driver=open_loop load="6 req/s" duration=1m30s
time=2026-09-08T06:29:22.838-07:00 level=INFO msg="cell complete" cell=session_affinity-a6-r2 driver=open_loop requests=391 successes=391 dropped=0 failed=0 slo_violations=2 goodput_rps=5.969309486792839 clean=true flagged=false
time=2026-09-08T06:29:32.840-07:00 level=INFO msg="running cell" cell=session_affinity-a6-r3 driver=open_loop load="6 req/s" duration=1m30s
time=2026-09-08T06:31:03.848-07:00 level=INFO msg="cell complete" cell=session_affinity-a6-r3 driver=open_loop requests=391 successes=391 dropped=0 failed=0 slo_violations=2 goodput_rps=5.969309486792839 clean=true flagged=false
time=2026-09-08T06:31:13.854-07:00 level=INFO msg="running cell" cell=session_affinity-a8-r1 driver=open_loop load="8 req/s" duration=1m30s
time=2026-09-08T06:32:44.605-07:00 level=INFO msg="cell complete" cell=session_affinity-a8-r1 driver=open_loop requests=520 successes=520 dropped=0 failed=0 slo_violations=4 goodput_rps=7.938461538461539 clean=true flagged=false
time=2026-09-08T06:32:54.610-07:00 level=INFO msg="running cell" cell=session_affinity-a8-r2 driver=open_loop load="8 req/s" duration=1m30s
time=2026-09-08T06:34:25.547-07:00 level=INFO msg="cell complete" cell=session_affinity-a8-r2 driver=open_loop requests=520 successes=520 dropped=0 failed=0 slo_violations=15 goodput_rps=7.769230769230769 clean=true flagged=false
time=2026-09-08T06:34:35.551-07:00 level=INFO msg="running cell" cell=session_affinity-a8-r3 driver=open_loop load="8 req/s" duration=1m30s
time=2026-09-08T06:36:06.493-07:00 level=INFO msg="cell complete" cell=session_affinity-a8-r3 driver=open_loop requests=520 successes=520 dropped=0 failed=0 slo_violations=7 goodput_rps=7.892307692307693 clean=true flagged=false
time=2026-09-08T06:36:16.494-07:00 level=INFO msg="running cell" cell=session_affinity-a10-r1 driver=open_loop load="10 req/s" duration=1m30s
time=2026-09-08T06:37:47.878-07:00 level=INFO msg="cell complete" cell=session_affinity-a10-r1 driver=open_loop requests=650 successes=650 dropped=0 failed=0 slo_violations=76 goodput_rps=8.830769230769231 clean=true flagged=false
time=2026-09-08T06:37:57.884-07:00 level=INFO msg="running cell" cell=session_affinity-a10-r2 driver=open_loop load="10 req/s" duration=1m30s
time=2026-09-08T06:39:29.048-07:00 level=INFO msg="cell complete" cell=session_affinity-a10-r2 driver=open_loop requests=650 successes=650 dropped=0 failed=0 slo_violations=9 goodput_rps=9.861538461538462 clean=true flagged=true
time=2026-09-08T06:39:39.053-07:00 level=INFO msg="running cell" cell=session_affinity-a10-r3 driver=open_loop load="10 req/s" duration=1m30s
time=2026-09-08T06:41:14.792-07:00 level=INFO msg="cell complete" cell=session_affinity-a10-r3 driver=open_loop requests=650 successes=650 dropped=0 failed=0 slo_violations=315 goodput_rps=5.153846153846154 clean=true flagged=false
time=2026-09-08T06:41:24.797-07:00 level=INFO msg="running cell" cell=session_affinity-a12-r1 driver=open_loop load="12 req/s" duration=1m30s
time=2026-09-08T06:42:56.188-07:00 level=INFO msg="cell complete" cell=session_affinity-a12-r1 driver=open_loop requests=781 successes=781 dropped=0 failed=0 slo_violations=117 goodput_rps=10.202304778325223 clean=true flagged=false
time=2026-09-08T06:43:06.193-07:00 level=INFO msg="running cell" cell=session_affinity-a12-r2 driver=open_loop load="12 req/s" duration=1m30s
time=2026-09-08T06:44:41.186-07:00 level=INFO msg="cell complete" cell=session_affinity-a12-r2 driver=open_loop requests=781 successes=781 dropped=0 failed=0 slo_violations=192 goodput_rps=9.049936015713188 clean=true flagged=false
time=2026-09-08T06:44:51.191-07:00 level=INFO msg="running cell" cell=session_affinity-a12-r3 driver=open_loop load="12 req/s" duration=1m30s
time=2026-09-08T06:46:24.079-07:00 level=INFO msg="cell complete" cell=session_affinity-a12-r3 driver=open_loop requests=781 successes=781 dropped=0 failed=0 slo_violations=200 goodput_rps=8.927016681034571 clean=true flagged=false
time=2026-09-08T06:46:34.084-07:00 level=INFO msg="running cell" cell=session_affinity-a14-r1 driver=open_loop load="14 req/s" duration=1m30s
time=2026-09-08T06:48:06.992-07:00 level=INFO msg="cell complete" cell=session_affinity-a14-r1 driver=open_loop requests=911 successes=911 dropped=0 failed=0 slo_violations=310 goodput_rps=9.23600444619539 clean=true flagged=false
time=2026-09-08T06:48:16.997-07:00 level=INFO msg="running cell" cell=session_affinity-a14-r2 driver=open_loop load="14 req/s" duration=1m30s
time=2026-09-08T06:50:13.446-07:00 level=INFO msg="cell complete" cell=session_affinity-a14-r2 driver=open_loop requests=911 successes=911 dropped=0 failed=0 slo_violations=515 goodput_rps=6.085620234098792 clean=true flagged=true
time=2026-09-08T06:50:23.450-07:00 level=INFO msg="running cell" cell=session_affinity-a14-r3 driver=open_loop load="14 req/s" duration=1m30s
time=2026-09-08T06:52:05.739-07:00 level=INFO msg="cell complete" cell=session_affinity-a14-r3 driver=open_loop requests=911 successes=911 dropped=0 failed=0 slo_violations=309 goodput_rps=9.251372174059275 clean=true flagged=false
time=2026-09-08T06:52:15.744-07:00 level=INFO msg="running cell" cell=session_affinity-a16-r1 driver=open_loop load="16 req/s" duration=1m30s
time=2026-09-08T06:54:13.311-07:00 level=INFO msg="cell complete" cell=session_affinity-a16-r1 driver=open_loop requests=1040 successes=1040 dropped=0 failed=0 slo_violations=729 goodput_rps=4.7846153846153845 clean=true flagged=false
time=2026-09-08T06:54:23.314-07:00 level=INFO msg="running cell" cell=session_affinity-a16-r2 driver=open_loop load="16 req/s" duration=1m30s
time=2026-09-08T06:56:29.568-07:00 level=INFO msg="cell complete" cell=session_affinity-a16-r2 driver=open_loop requests=1040 successes=1040 dropped=0 failed=0 slo_violations=779 goodput_rps=4.015384615384615 clean=true flagged=false
time=2026-09-08T06:56:39.574-07:00 level=INFO msg="running cell" cell=session_affinity-a16-r3 driver=open_loop load="16 req/s" duration=1m30s
time=2026-09-08T06:58:42.465-07:00 level=INFO msg="cell complete" cell=session_affinity-a16-r3 driver=open_loop requests=1040 successes=1040 dropped=0 failed=0 slo_violations=589 goodput_rps=6.938461538461539 clean=true flagged=true
time=2026-09-08T06:58:52.471-07:00 level=INFO msg="running cell" cell=session_affinity-a20-r1 driver=open_loop load="20 req/s" duration=1m30s
time=2026-09-08T07:01:14.524-07:00 level=INFO msg="cell complete" cell=session_affinity-a20-r1 driver=open_loop requests=1300 successes=1300 dropped=0 failed=0 slo_violations=1224 goodput_rps=1.1692307692307693 clean=true flagged=false
time=2026-09-08T07:01:24.529-07:00 level=INFO msg="running cell" cell=session_affinity-a20-r2 driver=open_loop load="20 req/s" duration=1m30s
time=2026-09-08T07:03:37.815-07:00 level=INFO msg="cell complete" cell=session_affinity-a20-r2 driver=open_loop requests=1300 successes=1300 dropped=0 failed=0 slo_violations=1107 goodput_rps=2.9692307692307693 clean=true flagged=false
time=2026-09-08T07:03:47.819-07:00 level=INFO msg="running cell" cell=session_affinity-a20-r3 driver=open_loop load="20 req/s" duration=1m30s
time=2026-09-08T07:06:05.814-07:00 level=INFO msg="cell complete" cell=session_affinity-a20-r3 driver=open_loop requests=1300 successes=1300 dropped=0 failed=0 slo_violations=1087 goodput_rps=3.276923076923077 clean=true flagged=false

| driver | load | rep | goodput/s | tput/s | TTFT p50 | TTFT p99 | ITL p50 | reqs | ok | dropped | failed | SLO viol | clean | flagged |
|---|---:|---:|---:|---:|---:|---:|---:|---:|---:|---:|---:|---:|:--:|:--|
| open-loop | 2 req/s | 1 | 2.00 | 2.00 | 355ms | 412ms | 8ms | 130 | 130 | 0 | 0 | 0 | yes |  |
| open-loop | 2 req/s | 2 | 2.00 | 2.00 | 353ms | 411ms | 8ms | 130 | 130 | 0 | 0 | 0 | yes |  |
| open-loop | 2 req/s | 3 | 2.00 | 2.00 | 350ms | 410ms | 8ms | 130 | 130 | 0 | 0 | 0 | yes |  |
| open-loop | 4 req/s | 1 | 3.98 | 4.00 | 354ms | 568ms | 9ms | 260 | 260 | 0 | 0 | 1 | yes |  |
| open-loop | 4 req/s | 2 | 4.00 | 4.00 | 356ms | 557ms | 9ms | 260 | 260 | 0 | 0 | 0 | yes |  |
| open-loop | 4 req/s | 3 | 3.97 | 4.00 | 357ms | 807ms | 9ms | 260 | 260 | 0 | 0 | 2 | yes |  |
| open-loop | 6 req/s | 1 | 5.97 | 6.00 | 359ms | 920ms | 9ms | 391 | 391 | 0 | 0 | 2 | yes |  |
| open-loop | 6 req/s | 2 | 5.97 | 6.00 | 368ms | 774ms | 9ms | 391 | 391 | 0 | 0 | 2 | yes |  |
| open-loop | 6 req/s | 3 | 5.97 | 6.00 | 370ms | 818ms | 9ms | 391 | 391 | 0 | 0 | 2 | yes |  |
| open-loop | 8 req/s | 1 | 7.94 | 8.00 | 377ms | 900ms | 10ms | 520 | 520 | 0 | 0 | 4 | yes |  |
| open-loop | 8 req/s | 2 | 7.77 | 8.00 | 376ms | 1148ms | 10ms | 520 | 520 | 0 | 0 | 15 | yes |  |
| open-loop | 8 req/s | 3 | 7.89 | 8.00 | 360ms | 1111ms | 9ms | 520 | 520 | 0 | 0 | 7 | yes |  |
| open-loop | 10 req/s | 1 | 8.83 | 10.00 | 386ms | 2152ms | 11ms | 650 | 650 | 0 | 0 | 76 | yes |  |
| open-loop | 10 req/s | 2 | 9.86 | 10.00 | 364ms | 1087ms | 10ms | 650 | 650 | 0 | 0 | 9 | yes | **1** |
| open-loop | 10 req/s | 3 | 5.15 | 10.00 | 607ms | 6602ms | 13ms | 650 | 650 | 0 | 0 | 315 | yes |  |
| open-loop | 12 req/s | 1 | 10.20 | 12.00 | 395ms | 2210ms | 11ms | 781 | 781 | 0 | 0 | 117 | yes |  |
| open-loop | 12 req/s | 2 | 9.05 | 12.00 | 413ms | 2369ms | 12ms | 781 | 781 | 0 | 0 | 192 | yes |  |
| open-loop | 12 req/s | 3 | 8.93 | 12.00 | 412ms | 4136ms | 12ms | 781 | 781 | 0 | 0 | 200 | yes |  |
| open-loop | 14 req/s | 1 | 9.24 | 14.00 | 473ms | 10823ms | 15ms | 911 | 911 | 0 | 0 | 310 | yes |  |
| open-loop | 14 req/s | 2 | 6.09 | 14.00 | 894ms | 23748ms | 45ms | 911 | 911 | 0 | 0 | 515 | yes | **1** |
| open-loop | 14 req/s | 3 | 9.25 | 14.00 | 430ms | 13843ms | 13ms | 911 | 911 | 0 | 0 | 309 | yes |  |
| open-loop | 16 req/s | 1 | 4.78 | 16.00 | 4583ms | 29000ms | 87ms | 1040 | 1040 | 0 | 0 | 729 | yes |  |
| open-loop | 16 req/s | 2 | 4.02 | 16.00 | 2459ms | 34347ms | 76ms | 1040 | 1040 | 0 | 0 | 779 | yes |  |
| open-loop | 16 req/s | 3 | 6.94 | 16.00 | 1364ms | 30306ms | 53ms | 1040 | 1040 | 0 | 0 | 589 | yes | **1** |
| open-loop | 20 req/s | 1 | 1.17 | 20.00 | 11496ms | 50270ms | 107ms | 1300 | 1300 | 0 | 0 | 1224 | yes |  |
| open-loop | 20 req/s | 2 | 2.97 | 20.00 | 15481ms | 40274ms | 80ms | 1300 | 1300 | 0 | 0 | 1107 | yes |  |
| open-loop | 20 req/s | 3 | 3.28 | 20.00 | 11948ms | 45527ms | 87ms | 1300 | 1300 | 0 | 0 | 1087 | yes |  |

Flagged cells — these are not averaged in without being read first:

- `session_affinity-a10-r2`: still warming up: the first half of the measured window was 26% slower than the second by TTFT p50, over a 25% threshold. Lengthen the warm-up and re-run
- `session_affinity-a14-r2`: still warming up: the first half of the measured window was 135% slower than the second by TTFT p50, over a 25% threshold. Lengthen the warm-up and re-run
- `session_affinity-a16-r3`: still warming up: the first half of the measured window was 458% slower than the second by TTFT p50, over a 25% threshold. Lengthen the warm-up and re-run
time=2026-09-08T07:06:07.337-07:00 level=INFO msg="compacted the run" requests=74547 cells=81 requests_parquet=runs/mt-comparison/goodput/requests.parquet cells_parquet=runs/mt-comparison/goodput/cells.parquet results=runs/mt-comparison/goodput/results.md
