time=2026-09-08T04:20:17.086-07:00 level=INFO msg="SLO read from the characterization rather than retyped" record=slo/characterization.json slo="TTFT < 990ms, inter-token p50 < 24ms (3x the measured floor of 329ms and 7.8ms)" measured_at=2026-09-07T07:50:38.074Z
time=2026-09-08T04:20:17.086-07:00 level=WARN msg="the characterization does not find the replicas interchangeable, so a policy difference in this sweep could be host asymmetry rather than the policy" record=slo/characterization.json
time=2026-09-08T04:20:17.086-07:00 level=WARN msg="the characterization this SLO came from is flagged" reason="replica symmetry is unresolved at one or more levels: at concurrency 32, TTFT p50 spread 22.1% over the 8.0% tolerance: replica-5 at 1.292s against replica-4 at 1.058s; at concurrency 32 that spread is not resolvable: one replica varies 36.3% against itself between repetitions, wider than the 8.0% tolerance, so the difference between replicas is inside the measurement's own noise. Lengthen the probe or add repetitions rather than acting on it"
time=2026-09-08T04:20:17.086-07:00 level=WARN msg="the characterization this SLO came from is flagged" reason="4 of 36 probes flagged: still warming up: the first half of the measured window was 26% slower than the second by TTFT p50, over a 25% threshold. Lengthen the warm-up and re-run (replica-1-c32-r1, replica-3-c32-r1, replica-5-c32-r1 and 1 more)"
time=2026-09-08T04:20:17.087-07:00 level=INFO msg="sampling GPUs for contamination" gpus=0,1,2,4,5 replica_pids="[303749 304933 306351 307645 308829]" interval=5s
time=2026-09-08T04:20:17.087-07:00 level=INFO msg=offering workload="multiturn(sessions=307,skew=0,turns=4,prompt=448t,output=64t,system=0.3x128t,branch=0.3x8fam1t,bpt=4,seed=1)"
time=2026-09-08T04:20:17.092-07:00 level=INFO msg="router is up and running the policy these cells will name" router=http://127.0.0.1:8080 policy=least_outstanding replicas=5
time=2026-09-08T04:20:17.101-07:00 level=INFO msg="fleet is up" replicas=5
time=2026-09-08T04:20:19.725-07:00 level=INFO msg="fleet warmed" replicas=5 requests_each=3
time=2026-09-08T04:20:19.725-07:00 level=INFO msg="running cell" cell=least_outstanding-a2-r1 driver=open_loop load="2 req/s" duration=1m30s
time=2026-09-08T04:21:50.176-07:00 level=INFO msg="cell complete" cell=least_outstanding-a2-r1 driver=open_loop requests=130 successes=130 dropped=0 failed=0 slo_violations=17 goodput_rps=1.7384615384615385 clean=true flagged=false
time=2026-09-08T04:22:00.181-07:00 level=INFO msg="running cell" cell=least_outstanding-a2-r2 driver=open_loop load="2 req/s" duration=1m30s
time=2026-09-08T04:23:30.967-07:00 level=INFO msg="cell complete" cell=least_outstanding-a2-r2 driver=open_loop requests=130 successes=130 dropped=0 failed=0 slo_violations=13 goodput_rps=1.8 clean=true flagged=false
time=2026-09-08T04:23:40.972-07:00 level=INFO msg="running cell" cell=least_outstanding-a2-r3 driver=open_loop load="2 req/s" duration=1m30s
time=2026-09-08T04:25:11.756-07:00 level=INFO msg="cell complete" cell=least_outstanding-a2-r3 driver=open_loop requests=130 successes=130 dropped=0 failed=0 slo_violations=17 goodput_rps=1.7384615384615385 clean=true flagged=false
time=2026-09-08T04:25:21.762-07:00 level=INFO msg="running cell" cell=least_outstanding-a4-r1 driver=open_loop load="4 req/s" duration=1m30s
time=2026-09-08T04:26:52.823-07:00 level=INFO msg="cell complete" cell=least_outstanding-a4-r1 driver=open_loop requests=260 successes=260 dropped=0 failed=0 slo_violations=39 goodput_rps=3.4 clean=true flagged=true
time=2026-09-08T04:27:02.829-07:00 level=INFO msg="running cell" cell=least_outstanding-a4-r2 driver=open_loop load="4 req/s" duration=1m30s
time=2026-09-08T04:28:33.615-07:00 level=INFO msg="cell complete" cell=least_outstanding-a4-r2 driver=open_loop requests=260 successes=260 dropped=0 failed=0 slo_violations=38 goodput_rps=3.4153846153846152 clean=true flagged=true
time=2026-09-08T04:28:43.619-07:00 level=INFO msg="running cell" cell=least_outstanding-a4-r3 driver=open_loop load="4 req/s" duration=1m30s
time=2026-09-08T04:30:14.399-07:00 level=INFO msg="cell complete" cell=least_outstanding-a4-r3 driver=open_loop requests=260 successes=260 dropped=0 failed=0 slo_violations=46 goodput_rps=3.292307692307692 clean=true flagged=true
time=2026-09-08T04:30:24.401-07:00 level=INFO msg="running cell" cell=least_outstanding-a6-r1 driver=open_loop load="6 req/s" duration=1m30s
time=2026-09-08T04:31:56.040-07:00 level=INFO msg="cell complete" cell=least_outstanding-a6-r1 driver=open_loop requests=391 successes=391 dropped=0 failed=0 slo_violations=161 goodput_rps=3.5294117788235293 clean=true flagged=true
time=2026-09-08T04:32:06.046-07:00 level=INFO msg="running cell" cell=least_outstanding-a6-r2 driver=open_loop load="6 req/s" duration=1m30s
time=2026-09-08T04:33:37.433-07:00 level=INFO msg="cell complete" cell=least_outstanding-a6-r2 driver=open_loop requests=391 successes=391 dropped=0 failed=0 slo_violations=149 goodput_rps=3.713555002066496 clean=true flagged=false
time=2026-09-08T04:33:47.438-07:00 level=INFO msg="running cell" cell=least_outstanding-a6-r3 driver=open_loop load="6 req/s" duration=1m30s
time=2026-09-08T04:35:18.590-07:00 level=INFO msg="cell complete" cell=least_outstanding-a6-r3 driver=open_loop requests=391 successes=391 dropped=0 failed=0 slo_violations=148 goodput_rps=3.7289002706700765 clean=true flagged=false
time=2026-09-08T04:35:28.595-07:00 level=INFO msg="running cell" cell=least_outstanding-a8-r1 driver=open_loop load="8 req/s" duration=1m30s
time=2026-09-08T04:37:12.130-07:00 level=INFO msg="cell complete" cell=least_outstanding-a8-r1 driver=open_loop requests=520 successes=520 dropped=0 failed=0 slo_violations=520 goodput_rps=0 clean=true flagged=false
time=2026-09-08T04:37:22.135-07:00 level=INFO msg="running cell" cell=least_outstanding-a8-r2 driver=open_loop load="8 req/s" duration=1m30s
time=2026-09-08T04:39:06.896-07:00 level=INFO msg="cell complete" cell=least_outstanding-a8-r2 driver=open_loop requests=520 successes=520 dropped=0 failed=0 slo_violations=520 goodput_rps=0 clean=true flagged=false
time=2026-09-08T04:39:16.900-07:00 level=INFO msg="running cell" cell=least_outstanding-a8-r3 driver=open_loop load="8 req/s" duration=1m30s
time=2026-09-08T04:40:59.337-07:00 level=INFO msg="cell complete" cell=least_outstanding-a8-r3 driver=open_loop requests=520 successes=520 dropped=0 failed=0 slo_violations=517 goodput_rps=0.046153846153846156 clean=true flagged=false
time=2026-09-08T04:41:09.343-07:00 level=INFO msg="running cell" cell=least_outstanding-a10-r1 driver=open_loop load="10 req/s" duration=1m30s
time=2026-09-08T04:43:15.550-07:00 level=INFO msg="cell complete" cell=least_outstanding-a10-r1 driver=open_loop requests=650 successes=650 dropped=0 failed=0 slo_violations=650 goodput_rps=0 clean=true flagged=false
time=2026-09-08T04:43:25.552-07:00 level=INFO msg="running cell" cell=least_outstanding-a10-r2 driver=open_loop load="10 req/s" duration=1m30s
time=2026-09-08T04:45:30.920-07:00 level=INFO msg="cell complete" cell=least_outstanding-a10-r2 driver=open_loop requests=650 successes=650 dropped=0 failed=0 slo_violations=650 goodput_rps=0 clean=true flagged=false
time=2026-09-08T04:45:40.921-07:00 level=INFO msg="running cell" cell=least_outstanding-a10-r3 driver=open_loop load="10 req/s" duration=1m30s
time=2026-09-08T04:47:49.480-07:00 level=INFO msg="cell complete" cell=least_outstanding-a10-r3 driver=open_loop requests=650 successes=650 dropped=0 failed=0 slo_violations=650 goodput_rps=0 clean=true flagged=false
time=2026-09-08T04:47:59.485-07:00 level=INFO msg="running cell" cell=least_outstanding-a12-r1 driver=open_loop load="12 req/s" duration=1m30s
time=2026-09-08T04:50:22.571-07:00 level=INFO msg="cell complete" cell=least_outstanding-a12-r1 driver=open_loop requests=781 successes=781 dropped=0 failed=0 slo_violations=781 goodput_rps=0 clean=true flagged=false
time=2026-09-08T04:50:32.576-07:00 level=INFO msg="running cell" cell=least_outstanding-a12-r2 driver=open_loop load="12 req/s" duration=1m30s
time=2026-09-08T04:53:00.788-07:00 level=INFO msg="cell complete" cell=least_outstanding-a12-r2 driver=open_loop requests=781 successes=781 dropped=0 failed=0 slo_violations=781 goodput_rps=0 clean=true flagged=false
time=2026-09-08T04:53:10.793-07:00 level=INFO msg="running cell" cell=least_outstanding-a12-r3 driver=open_loop load="12 req/s" duration=1m30s
time=2026-09-08T04:55:41.782-07:00 level=INFO msg="cell complete" cell=least_outstanding-a12-r3 driver=open_loop requests=781 successes=781 dropped=0 failed=0 slo_violations=781 goodput_rps=0 clean=true flagged=false
time=2026-09-08T04:55:51.783-07:00 level=INFO msg="running cell" cell=least_outstanding-a14-r1 driver=open_loop load="14 req/s" duration=1m30s
time=2026-09-08T04:58:54.985-07:00 level=INFO msg="cell complete" cell=least_outstanding-a14-r1 driver=open_loop requests=911 successes=911 dropped=0 failed=0 slo_violations=911 goodput_rps=0 clean=true flagged=false
time=2026-09-08T04:59:04.987-07:00 level=INFO msg="running cell" cell=least_outstanding-a14-r2 driver=open_loop load="14 req/s" duration=1m30s
time=2026-09-08T05:01:58.531-07:00 level=INFO msg="cell complete" cell=least_outstanding-a14-r2 driver=open_loop requests=911 successes=911 dropped=0 failed=0 slo_violations=911 goodput_rps=0 clean=true flagged=false
time=2026-09-08T05:02:08.533-07:00 level=INFO msg="running cell" cell=least_outstanding-a14-r3 driver=open_loop load="14 req/s" duration=1m30s
time=2026-09-08T05:05:02.560-07:00 level=INFO msg="cell complete" cell=least_outstanding-a14-r3 driver=open_loop requests=911 successes=911 dropped=0 failed=0 slo_violations=911 goodput_rps=0 clean=true flagged=false
time=2026-09-08T05:05:12.561-07:00 level=INFO msg="running cell" cell=least_outstanding-a16-r1 driver=open_loop load="16 req/s" duration=1m30s
time=2026-09-08T05:08:27.527-07:00 level=INFO msg="cell complete" cell=least_outstanding-a16-r1 driver=open_loop requests=1040 successes=1040 dropped=0 failed=0 slo_violations=1040 goodput_rps=0 clean=true flagged=false
time=2026-09-08T05:08:37.529-07:00 level=INFO msg="running cell" cell=least_outstanding-a16-r2 driver=open_loop load="16 req/s" duration=1m30s
time=2026-09-08T05:11:48.206-07:00 level=INFO msg="cell complete" cell=least_outstanding-a16-r2 driver=open_loop requests=1040 successes=1040 dropped=0 failed=0 slo_violations=1040 goodput_rps=0 clean=true flagged=false
time=2026-09-08T05:11:58.207-07:00 level=INFO msg="running cell" cell=least_outstanding-a16-r3 driver=open_loop load="16 req/s" duration=1m30s
time=2026-09-08T05:15:08.959-07:00 level=INFO msg="cell complete" cell=least_outstanding-a16-r3 driver=open_loop requests=1040 successes=1040 dropped=0 failed=0 slo_violations=1040 goodput_rps=0 clean=true flagged=false
time=2026-09-08T05:15:18.963-07:00 level=INFO msg="running cell" cell=least_outstanding-a20-r1 driver=open_loop load="20 req/s" duration=1m30s
time=2026-09-08T05:19:35.407-07:00 level=INFO msg="cell complete" cell=least_outstanding-a20-r1 driver=open_loop requests=1300 successes=1300 dropped=0 failed=0 slo_violations=1300 goodput_rps=0 clean=true flagged=false
time=2026-09-08T05:19:45.409-07:00 level=INFO msg="running cell" cell=least_outstanding-a20-r2 driver=open_loop load="20 req/s" duration=1m30s
time=2026-09-08T05:23:56.162-07:00 level=INFO msg="cell complete" cell=least_outstanding-a20-r2 driver=open_loop requests=1300 successes=1300 dropped=0 failed=0 slo_violations=1300 goodput_rps=0 clean=true flagged=false
time=2026-09-08T05:24:06.164-07:00 level=INFO msg="running cell" cell=least_outstanding-a20-r3 driver=open_loop load="20 req/s" duration=1m30s
time=2026-09-08T05:28:08.910-07:00 level=INFO msg="cell complete" cell=least_outstanding-a20-r3 driver=open_loop requests=1300 successes=1300 dropped=0 failed=0 slo_violations=1300 goodput_rps=0 clean=true flagged=false

| driver | load | rep | goodput/s | tput/s | TTFT p50 | TTFT p99 | ITL p50 | reqs | ok | dropped | failed | SLO viol | clean | flagged |
|---|---:|---:|---:|---:|---:|---:|---:|---:|---:|---:|---:|---:|:--:|:--|
| open-loop | 2 req/s | 1 | 1.74 | 2.00 | 614ms | 1323ms | 8ms | 130 | 130 | 0 | 0 | 17 | yes |  |
| open-loop | 2 req/s | 2 | 1.80 | 2.00 | 606ms | 1309ms | 8ms | 130 | 130 | 0 | 0 | 13 | yes |  |
| open-loop | 2 req/s | 3 | 1.74 | 2.00 | 609ms | 1318ms | 8ms | 130 | 130 | 0 | 0 | 17 | yes |  |
| open-loop | 4 req/s | 1 | 3.40 | 4.00 | 607ms | 1975ms | 8ms | 260 | 260 | 0 | 0 | 39 | yes | **1** |
| open-loop | 4 req/s | 2 | 3.42 | 4.00 | 605ms | 1691ms | 8ms | 260 | 260 | 0 | 0 | 38 | yes | **1** |
| open-loop | 4 req/s | 3 | 3.29 | 4.00 | 608ms | 1767ms | 8ms | 260 | 260 | 0 | 0 | 46 | yes | **1** |
| open-loop | 6 req/s | 1 | 3.53 | 6.00 | 720ms | 3883ms | 10ms | 391 | 391 | 0 | 0 | 161 | yes | **1** |
| open-loop | 6 req/s | 2 | 3.71 | 6.00 | 679ms | 4025ms | 10ms | 391 | 391 | 0 | 0 | 149 | yes |  |
| open-loop | 6 req/s | 3 | 3.73 | 6.00 | 661ms | 4223ms | 11ms | 391 | 391 | 0 | 0 | 148 | yes |  |
| open-loop | 8 req/s | 1 | 0.00 | 8.00 | 4962ms | 13863ms | 632ms | 520 | 520 | 0 | 0 | 520 | yes |  |
| open-loop | 8 req/s | 2 | 0.00 | 8.00 | 4771ms | 15943ms | 614ms | 520 | 520 | 0 | 0 | 520 | yes |  |
| open-loop | 8 req/s | 3 | 0.05 | 8.00 | 3685ms | 12912ms | 561ms | 520 | 520 | 0 | 0 | 517 | yes |  |
| open-loop | 10 req/s | 1 | 0.00 | 10.00 | 19932ms | 35398ms | 637ms | 650 | 650 | 0 | 0 | 650 | yes |  |
| open-loop | 10 req/s | 2 | 0.00 | 10.00 | 18628ms | 31853ms | 639ms | 650 | 650 | 0 | 0 | 650 | yes |  |
| open-loop | 10 req/s | 3 | 0.00 | 10.00 | 18104ms | 39272ms | 638ms | 650 | 650 | 0 | 0 | 650 | yes |  |
| open-loop | 12 req/s | 1 | 0.00 | 12.00 | 29397ms | 51506ms | 633ms | 781 | 781 | 0 | 0 | 781 | yes |  |
| open-loop | 12 req/s | 2 | 0.00 | 12.00 | 32044ms | 55176ms | 636ms | 781 | 781 | 0 | 0 | 781 | yes |  |
| open-loop | 12 req/s | 3 | 0.00 | 12.00 | 29624ms | 57769ms | 635ms | 781 | 781 | 0 | 0 | 781 | yes |  |
| open-loop | 14 req/s | 1 | 0.00 | 14.00 | 45988ms | 86548ms | 638ms | 911 | 911 | 0 | 0 | 911 | yes |  |
| open-loop | 14 req/s | 2 | 0.00 | 14.00 | 43576ms | 80304ms | 634ms | 911 | 911 | 0 | 0 | 911 | yes |  |
| open-loop | 14 req/s | 3 | 0.00 | 14.00 | 44876ms | 78641ms | 635ms | 911 | 911 | 0 | 0 | 911 | yes |  |
| open-loop | 16 req/s | 1 | 0.00 | 16.00 | 59867ms | 102537ms | 638ms | 1040 | 1040 | 0 | 0 | 1040 | yes |  |
| open-loop | 16 req/s | 2 | 0.00 | 16.00 | 57312ms | 97253ms | 635ms | 1040 | 1040 | 0 | 0 | 1040 | yes |  |
| open-loop | 16 req/s | 3 | 0.00 | 16.00 | 59055ms | 97990ms | 634ms | 1040 | 1040 | 0 | 0 | 1040 | yes |  |
| open-loop | 20 req/s | 1 | 0.00 | 20.00 | 93255ms | 162281ms | 637ms | 1300 | 1300 | 0 | 0 | 1300 | yes |  |
| open-loop | 20 req/s | 2 | 0.00 | 20.00 | 90520ms | 157203ms | 638ms | 1300 | 1300 | 0 | 0 | 1300 | yes |  |
| open-loop | 20 req/s | 3 | 0.00 | 20.00 | 94628ms | 149068ms | 634ms | 1300 | 1300 | 0 | 0 | 1300 | yes |  |

Flagged cells — these are not averaged in without being read first:

- `least_outstanding-a4-r1`: still warming up: the first half of the measured window was 51% slower than the second by TTFT p50, over a 25% threshold. Lengthen the warm-up and re-run
- `least_outstanding-a4-r2`: still warming up: the first half of the measured window was 50% slower than the second by TTFT p50, over a 25% threshold. Lengthen the warm-up and re-run
- `least_outstanding-a4-r3`: still warming up: the first half of the measured window was 68% slower than the second by TTFT p50, over a 25% threshold. Lengthen the warm-up and re-run
- `least_outstanding-a6-r1`: still warming up: the first half of the measured window was 27% slower than the second by TTFT p50, over a 25% threshold. Lengthen the warm-up and re-run
time=2026-09-08T05:28:09.786-07:00 level=INFO msg="compacted the run" requests=49698 cells=54 requests_parquet=runs/mt-comparison/goodput/requests.parquet cells_parquet=runs/mt-comparison/goodput/cells.parquet results=runs/mt-comparison/goodput/results.md
