time=2026-09-07T21:10:07.816-07:00 level=INFO msg="SLO read from the characterization rather than retyped" record=slo/characterization.json slo="TTFT < 990ms, inter-token p50 < 24ms (3x the measured floor of 329ms and 7.8ms)" measured_at=2026-09-07T07:50:38.074Z
time=2026-09-07T21:10:07.816-07:00 level=WARN msg="the characterization does not find the replicas interchangeable, so a policy difference in this sweep could be host asymmetry rather than the policy" record=slo/characterization.json
time=2026-09-07T21:10:07.816-07:00 level=WARN msg="the characterization this SLO came from is flagged" reason="replica symmetry is unresolved at one or more levels: at concurrency 32, TTFT p50 spread 22.1% over the 8.0% tolerance: replica-5 at 1.292s against replica-4 at 1.058s; at concurrency 32 that spread is not resolvable: one replica varies 36.3% against itself between repetitions, wider than the 8.0% tolerance, so the difference between replicas is inside the measurement's own noise. Lengthen the probe or add repetitions rather than acting on it"
time=2026-09-07T21:10:07.816-07:00 level=WARN msg="the characterization this SLO came from is flagged" reason="4 of 36 probes flagged: still warming up: the first half of the measured window was 26% slower than the second by TTFT p50, over a 25% threshold. Lengthen the warm-up and re-run (replica-1-c32-r1, replica-3-c32-r1, replica-5-c32-r1 and 1 more)"
time=2026-09-07T21:10:07.816-07:00 level=INFO msg="sampling GPUs for contamination" gpus=6 replica_pids="[166800 167945 169166 170428 171642 172846]" interval=5s
time=2026-09-07T21:10:07.817-07:00 level=INFO msg=offering workload="fixed(prompt=2048B,output=64t,seed=1)"
time=2026-09-07T21:10:07.821-07:00 level=INFO msg="router is up and running the policy these cells will name" router=http://127.0.0.1:8080 policy=round_robin replicas=6
time=2026-09-07T21:10:07.830-07:00 level=INFO msg="fleet is up" replicas=6
time=2026-09-07T21:10:10.271-07:00 level=INFO msg="fleet warmed" replicas=6 requests_each=3
time=2026-09-07T21:10:10.271-07:00 level=INFO msg="running cell" cell=round_robin-c1-r1 driver=closed_loop load="1 users" duration=1m30s
time=2026-09-07T21:11:40.980-07:00 level=INFO msg="cell complete" cell=round_robin-c1-r1 driver=closed_loop requests=85 successes=85 dropped=0 failed=0 slo_violations=0 goodput_rps=1.2991570602076323 clean=true flagged=false
time=2026-09-07T21:11:50.986-07:00 level=INFO msg="running cell" cell=round_robin-c1-r2 driver=closed_loop load="1 users" duration=1m30s
time=2026-09-07T21:13:21.351-07:00 level=INFO msg="cell complete" cell=round_robin-c1-r2 driver=closed_loop requests=85 successes=85 dropped=0 failed=0 slo_violations=0 goodput_rps=1.302979181440165 clean=true flagged=false
time=2026-09-07T21:13:31.356-07:00 level=INFO msg="running cell" cell=round_robin-c1-r3 driver=closed_loop load="1 users" duration=1m30s
time=2026-09-07T21:15:01.612-07:00 level=INFO msg="cell complete" cell=round_robin-c1-r3 driver=closed_loop requests=85 successes=85 dropped=0 failed=0 slo_violations=0 goodput_rps=1.3101927013136343 clean=true flagged=false
time=2026-09-07T21:15:11.618-07:00 level=INFO msg="running cell" cell=round_robin-c4-r1 driver=closed_loop load="4 users" duration=1m30s
time=2026-09-07T21:16:42.331-07:00 level=INFO msg="cell complete" cell=round_robin-c4-r1 driver=closed_loop requests=333 successes=333 dropped=0 failed=0 slo_violations=0 goodput_rps=5.084837363622864 clean=true flagged=false
time=2026-09-07T21:16:52.337-07:00 level=INFO msg="running cell" cell=round_robin-c4-r2 driver=closed_loop load="4 users" duration=1m30s
time=2026-09-07T21:18:23.112-07:00 level=INFO msg="cell complete" cell=round_robin-c4-r2 driver=closed_loop requests=329 successes=329 dropped=0 failed=0 slo_violations=0 goodput_rps=5.009151549585165 clean=true flagged=false
time=2026-09-07T21:18:33.118-07:00 level=INFO msg="running cell" cell=round_robin-c4-r3 driver=closed_loop load="4 users" duration=1m30s
time=2026-09-07T21:20:03.883-07:00 level=INFO msg="cell complete" cell=round_robin-c4-r3 driver=closed_loop requests=326 successes=326 dropped=0 failed=0 slo_violations=0 goodput_rps=4.979069463625954 clean=true flagged=false
time=2026-09-07T21:20:13.889-07:00 level=INFO msg="running cell" cell=round_robin-c8-r1 driver=closed_loop load="8 users" duration=1m30s
time=2026-09-07T21:21:44.626-07:00 level=INFO msg="cell complete" cell=round_robin-c8-r1 driver=closed_loop requests=493 successes=493 dropped=0 failed=0 slo_violations=0 goodput_rps=7.503910497047576 clean=true flagged=false
time=2026-09-07T21:21:54.632-07:00 level=INFO msg="running cell" cell=round_robin-c8-r2 driver=closed_loop load="8 users" duration=1m30s
time=2026-09-07T21:23:25.406-07:00 level=INFO msg="cell complete" cell=round_robin-c8-r2 driver=closed_loop requests=496 successes=496 dropped=0 failed=0 slo_violations=0 goodput_rps=7.583470289475323 clean=true flagged=false
time=2026-09-07T21:23:35.412-07:00 level=INFO msg="running cell" cell=round_robin-c8-r3 driver=closed_loop load="8 users" duration=1m30s
time=2026-09-07T21:25:06.426-07:00 level=INFO msg="cell complete" cell=round_robin-c8-r3 driver=closed_loop requests=491 successes=491 dropped=0 failed=0 slo_violations=0 goodput_rps=7.475820226396387 clean=true flagged=false
time=2026-09-07T21:25:16.432-07:00 level=INFO msg="running cell" cell=round_robin-c16-r1 driver=closed_loop load="16 users" duration=1m30s
time=2026-09-07T21:26:47.502-07:00 level=INFO msg="cell complete" cell=round_robin-c16-r1 driver=closed_loop requests=681 successes=681 dropped=0 failed=0 slo_violations=0 goodput_rps=10.308078900351088 clean=true flagged=false
time=2026-09-07T21:26:57.508-07:00 level=INFO msg="running cell" cell=round_robin-c16-r2 driver=closed_loop load="16 users" duration=1m30s
time=2026-09-07T21:28:28.297-07:00 level=INFO msg="cell complete" cell=round_robin-c16-r2 driver=closed_loop requests=680 successes=680 dropped=0 failed=0 slo_violations=0 goodput_rps=10.336838219205955 clean=true flagged=false
time=2026-09-07T21:28:38.303-07:00 level=INFO msg="running cell" cell=round_robin-c16-r3 driver=closed_loop load="16 users" duration=1m30s
time=2026-09-07T21:30:09.046-07:00 level=INFO msg="cell complete" cell=round_robin-c16-r3 driver=closed_loop requests=680 successes=680 dropped=0 failed=0 slo_violations=0 goodput_rps=10.345075767354926 clean=true flagged=false
time=2026-09-07T21:30:19.047-07:00 level=INFO msg="running cell" cell=round_robin-c32-r1 driver=closed_loop load="32 users" duration=1m30s
time=2026-09-07T21:31:49.824-07:00 level=INFO msg="cell complete" cell=round_robin-c32-r1 driver=closed_loop requests=811 successes=811 dropped=0 failed=0 slo_violations=0 goodput_rps=12.340476352539266 clean=true flagged=false
time=2026-09-07T21:31:59.830-07:00 level=INFO msg="running cell" cell=round_robin-c32-r2 driver=closed_loop load="32 users" duration=1m30s
time=2026-09-07T21:33:30.959-07:00 level=INFO msg="cell complete" cell=round_robin-c32-r2 driver=closed_loop requests=818 successes=818 dropped=0 failed=0 slo_violations=1 goodput_rps=12.372213419546332 clean=true flagged=false
time=2026-09-07T21:33:40.964-07:00 level=INFO msg="running cell" cell=round_robin-c32-r3 driver=closed_loop load="32 users" duration=1m30s
time=2026-09-07T21:35:11.707-07:00 level=INFO msg="cell complete" cell=round_robin-c32-r3 driver=closed_loop requests=810 successes=810 dropped=0 failed=0 slo_violations=0 goodput_rps=12.334563451372016 clean=true flagged=false
time=2026-09-07T21:35:21.708-07:00 level=INFO msg="running cell" cell=round_robin-c64-r1 driver=closed_loop load="64 users" duration=1m30s
time=2026-09-07T21:36:53.825-07:00 level=INFO msg="cell complete" cell=round_robin-c64-r1 driver=closed_loop requests=791 successes=791 dropped=0 failed=0 slo_violations=131 goodput_rps=9.839924170105737 clean=true flagged=false
time=2026-09-07T21:37:03.826-07:00 level=INFO msg="running cell" cell=round_robin-c64-r2 driver=closed_loop load="64 users" duration=1m30s
time=2026-09-07T21:38:36.177-07:00 level=INFO msg="cell complete" cell=round_robin-c64-r2 driver=closed_loop requests=790 successes=790 dropped=0 failed=0 slo_violations=131 goodput_rps=9.795473186202859 clean=true flagged=false
time=2026-09-07T21:38:46.184-07:00 level=INFO msg="running cell" cell=round_robin-c64-r3 driver=closed_loop load="64 users" duration=1m30s
time=2026-09-07T21:40:18.341-07:00 level=INFO msg="cell complete" cell=round_robin-c64-r3 driver=closed_loop requests=787 successes=787 dropped=0 failed=0 slo_violations=130 goodput_rps=9.7846487120101 clean=true flagged=false
time=2026-09-07T21:40:28.349-07:00 level=INFO msg="running cell" cell=round_robin-c128-r1 driver=closed_loop load="128 users" duration=1m30s
time=2026-09-07T21:42:08.647-07:00 level=INFO msg="cell complete" cell=round_robin-c128-r1 driver=closed_loop requests=871 successes=871 dropped=0 failed=0 slo_violations=159 goodput_rps=9.469821152782677 clean=true flagged=false
time=2026-09-07T21:42:18.653-07:00 level=INFO msg="running cell" cell=round_robin-c128-r2 driver=closed_loop load="128 users" duration=1m30s
time=2026-09-07T21:43:59.757-07:00 level=INFO msg="cell complete" cell=round_robin-c128-r2 driver=closed_loop requests=873 successes=873 dropped=0 failed=0 slo_violations=156 goodput_rps=9.440604158712784 clean=true flagged=false
time=2026-09-07T21:44:09.763-07:00 level=INFO msg="running cell" cell=round_robin-c128-r3 driver=closed_loop load="128 users" duration=1m30s
time=2026-09-07T21:45:50.420-07:00 level=INFO msg="cell complete" cell=round_robin-c128-r3 driver=closed_loop requests=865 successes=865 dropped=0 failed=0 slo_violations=153 goodput_rps=9.421720208075492 clean=true flagged=false
time=2026-09-07T21:46:00.426-07:00 level=INFO msg="running cell" cell=round_robin-c256-r1 driver=closed_loop load="256 users" duration=1m30s
time=2026-09-07T21:47:51.442-07:00 level=INFO msg="cell complete" cell=round_robin-c256-r1 driver=closed_loop requests=968 successes=968 dropped=0 failed=0 slo_violations=529 goodput_rps=5.11607146292646 clean=true flagged=true
time=2026-09-07T21:48:01.444-07:00 level=INFO msg="running cell" cell=round_robin-c256-r2 driver=closed_loop load="256 users" duration=1m30s
time=2026-09-07T21:49:51.413-07:00 level=INFO msg="cell complete" cell=round_robin-c256-r2 driver=closed_loop requests=983 successes=983 dropped=0 failed=0 slo_violations=532 goodput_rps=5.309023449594163 clean=true flagged=true
time=2026-09-07T21:50:01.423-07:00 level=INFO msg="running cell" cell=round_robin-c256-r3 driver=closed_loop load="256 users" duration=1m30s
time=2026-09-07T21:51:51.331-07:00 level=INFO msg="cell complete" cell=round_robin-c256-r3 driver=closed_loop requests=976 successes=976 dropped=0 failed=0 slo_violations=545 goodput_rps=5.077407537865702 clean=true flagged=true

| driver | load | rep | goodput/s | tput/s | TTFT p50 | TTFT p99 | ITL p50 | reqs | ok | dropped | failed | SLO viol | clean | flagged |
|---|---:|---:|---:|---:|---:|---:|---:|---:|---:|---:|---:|---:|:--:|:--|
| closed-loop | 1 users | 1 | 1.30 | 1.30 | 324ms | 335ms | 8ms | 85 | 85 | 0 | 0 | 0 | yes |  |
| closed-loop | 1 users | 2 | 1.30 | 1.30 | 326ms | 335ms | 8ms | 85 | 85 | 0 | 0 | 0 | yes |  |
| closed-loop | 1 users | 3 | 1.31 | 1.31 | 325ms | 337ms | 8ms | 85 | 85 | 0 | 0 | 0 | yes |  |
| closed-loop | 4 users | 1 | 5.08 | 5.08 | 330ms | 361ms | 8ms | 333 | 333 | 0 | 0 | 0 | yes |  |
| closed-loop | 4 users | 2 | 5.01 | 5.01 | 332ms | 383ms | 8ms | 329 | 329 | 0 | 0 | 0 | yes |  |
| closed-loop | 4 users | 3 | 4.98 | 4.98 | 332ms | 394ms | 8ms | 326 | 326 | 0 | 0 | 0 | yes |  |
| closed-loop | 8 users | 1 | 7.50 | 7.50 | 366ms | 466ms | 8ms | 493 | 493 | 0 | 0 | 0 | yes |  |
| closed-loop | 8 users | 2 | 7.58 | 7.58 | 362ms | 470ms | 8ms | 496 | 496 | 0 | 0 | 0 | yes |  |
| closed-loop | 8 users | 3 | 7.48 | 7.48 | 364ms | 476ms | 8ms | 491 | 491 | 0 | 0 | 0 | yes |  |
| closed-loop | 16 users | 1 | 10.31 | 10.31 | 372ms | 461ms | 9ms | 681 | 681 | 0 | 0 | 0 | yes |  |
| closed-loop | 16 users | 2 | 10.34 | 10.34 | 370ms | 455ms | 9ms | 680 | 680 | 0 | 0 | 0 | yes |  |
| closed-loop | 16 users | 3 | 10.35 | 10.35 | 371ms | 472ms | 9ms | 680 | 680 | 0 | 0 | 0 | yes |  |
| closed-loop | 32 users | 1 | 12.34 | 12.34 | 372ms | 540ms | 9ms | 811 | 811 | 0 | 0 | 0 | yes |  |
| closed-loop | 32 users | 2 | 12.37 | 12.39 | 372ms | 562ms | 9ms | 818 | 818 | 0 | 0 | 1 | yes |  |
| closed-loop | 32 users | 3 | 12.33 | 12.33 | 372ms | 517ms | 9ms | 810 | 810 | 0 | 0 | 0 | yes |  |
| closed-loop | 64 users | 1 | 9.84 | 11.79 | 371ms | 1202ms | 9ms | 791 | 791 | 0 | 0 | 131 | yes |  |
| closed-loop | 64 users | 2 | 9.80 | 11.74 | 369ms | 1200ms | 9ms | 790 | 790 | 0 | 0 | 131 | yes |  |
| closed-loop | 64 users | 3 | 9.78 | 11.72 | 371ms | 1368ms | 9ms | 787 | 787 | 0 | 0 | 130 | yes |  |
| closed-loop | 128 users | 1 | 9.47 | 11.58 | 372ms | 8195ms | 10ms | 871 | 871 | 0 | 0 | 159 | yes |  |
| closed-loop | 128 users | 2 | 9.44 | 11.49 | 371ms | 9150ms | 10ms | 873 | 873 | 0 | 0 | 156 | yes |  |
| closed-loop | 128 users | 3 | 9.42 | 11.45 | 368ms | 8678ms | 10ms | 865 | 865 | 0 | 0 | 153 | yes |  |
| closed-loop | 256 users | 1 | 5.12 | 11.28 | 481ms | 18223ms | 44ms | 968 | 968 | 0 | 0 | 529 | yes | **1** |
| closed-loop | 256 users | 2 | 5.31 | 11.57 | 549ms | 17357ms | 42ms | 983 | 983 | 0 | 0 | 532 | yes | **1** |
| closed-loop | 256 users | 3 | 5.08 | 11.50 | 621ms | 16930ms | 44ms | 976 | 976 | 0 | 0 | 545 | yes | **1** |

Flagged cells — these are not averaged in without being read first:

- `round_robin-c256-r1`: still warming up: the first half of the measured window was 30% slower than the second by TTFT p50, over a 25% threshold. Lengthen the warm-up and re-run
- `round_robin-c256-r2`: still warming up: the first half of the measured window was 57% slower than the second by TTFT p50, over a 25% threshold. Lengthen the warm-up and re-run
- `round_robin-c256-r3`: still warming up: the first half of the measured window was 42% slower than the second by TTFT p50, over a 25% threshold. Lengthen the warm-up and re-run
time=2026-09-07T21:51:51.866-07:00 level=INFO msg="compacted the run" requests=21706 cells=24 requests_parquet=runs/comparison/concurrency/requests.parquet cells_parquet=runs/comparison/concurrency/cells.parquet results=runs/comparison/concurrency/results.md
